2026-08-31T08:15:59+00:00 INFO Central order received successfully. CONTEXT: {"store_id":"site1","source_order_id":365927,"central_order_id":16,"request_id":"5c05f75c-c896-4b70-b2a5-38e303fcee25","event":"orderupdated"}
2026-08-31T08:16:04+00:00 INFO Central order received successfully. CONTEXT: {"store_id":"site1","source_order_id":365927,"central_order_id":16,"request_id":"a7721945-5554-4840-8ad2-ebd09182ad75","event":"orderupdated"}
2026-08-31T08:17:16+00:00 INFO Central order received successfully. CONTEXT: {"store_id":"site1","source_order_id":365871,"central_order_id":17,"request_id":"78074d8d-c124-4545-a902-d702c94ba7e8","event":"orderupdated"}
2026-08-31T08:31:02+00:00 INFO Central order received successfully. CONTEXT: {"store_id":"site1","source_order_id":365932,"central_order_id":18,"request_id":"38405ef8-4c2d-4fbf-af7b-aa218d2a0779","event":"orderupdated"}
2026-08-31T08:33:10+00:00 INFO Central order received successfully. CONTEXT: {"store_id":"site1","source_order_id":365932,"central_order_id":18,"request_id":"f27a3bfd-bd05-4c99-9f57-1bd5897ff51f","event":"orderupdated"}
2026-08-31T08:33:26+00:00 INFO Central order received successfully. CONTEXT: {"store_id":"site1","source_order_id":365933,"central_order_id":19,"request_id":"1c534789-72e5-4cfc-abfc-923056196863","event":"orderupdated"}
2026-08-31T08:33:34+00:00 INFO Central order received successfully. CONTEXT: {"store_id":"site1","source_order_id":365933,"central_order_id":19,"request_id":"1948230d-82d5-4fd8-b6e5-2efcb7f42300","event":"orderupdated"}
2026-08-31T08:34:23+00:00 INFO Central order received successfully. CONTEXT: {"store_id":"site1","source_order_id":365933,"central_order_id":19,"request_id":"d2d57146-be2d-41fa-83f5-2ab9a3c4bc62","event":"orderupdated"}
2026-08-31T08:34:29+00:00 INFO Central order received successfully. CONTEXT: {"store_id":"site1","source_order_id":365933,"central_order_id":19,"request_id":"ab232d41-5454-4a37-b82e-e6b2d1345a2b","event":"orderupdated"}
2026-08-31T08:34:37+00:00 INFO Central order received successfully. CONTEXT: {"store_id":"site1","source_order_id":365933,"central_order_id":19,"request_id":"0fe7cd6a-7d95-44f6-8fcf-fb22e37b587c","event":"orderupdated"}
2026-08-31T08:39:53+00:00 INFO Central order received successfully. CONTEXT: {"store_id":"site1","source_order_id":365936,"central_order_id":20,"request_id":"adcf4b53-2740-403b-a26c-0a732c8438f7","event":"orderupdated"}
2026-08-31T08:40:01+00:00 INFO Central order received successfully. CONTEXT: {"store_id":"site1","source_order_id":365936,"central_order_id":20,"request_id":"e15ea073-60ad-4288-b98b-80462f9f24e9","event":"orderupdated"}
2026-08-31T08:41:47+00:00 INFO Central order received successfully. CONTEXT: {"store_id":"site1","source_order_id":365937,"central_order_id":21,"request_id":"a2e9ec41-2e32-4215-a103-7b2fabeae14a","event":"orderupdated"}
2026-08-31T08:42:58+00:00 INFO Central order received successfully. CONTEXT: {"store_id":"site1","source_order_id":365939,"central_order_id":22,"request_id":"403e8974-40e6-4d84-8af1-305706620c43","event":"orderupdated"}
2026-08-31T08:43:11+00:00 INFO Central order received successfully. CONTEXT: {"store_id":"site1","source_order_id":365936,"central_order_id":20,"request_id":"5a764b98-085b-4f4b-80fb-c78e7a61b7fc","event":"orderupdated"}
2026-08-31T08:43:42+00:00 INFO Central order received successfully. CONTEXT: {"store_id":"site1","source_order_id":365954,"central_order_id":23,"request_id":"c9af4eca-c2ea-4abe-83aa-c13c06a819a1","event":"orderupdated"}
2026-08-31T08:45:22+00:00 INFO Central order received successfully. CONTEXT: {"store_id":"site1","source_order_id":365954,"central_order_id":23,"request_id":"a6ce4f6c-e960-4da3-9b90-4e7edd2d1e53","event":"orderupdated"}
2026-08-31T08:47:03+00:00 INFO Central order received successfully. CONTEXT: {"store_id":"site1","source_order_id":365956,"central_order_id":24,"request_id":"e25311dc-c96c-44ff-a79e-11c7964f7abb","event":"orderupdated"}
2026-08-31T08:47:04+00:00 INFO Central order received successfully. CONTEXT: {"store_id":"site1","source_order_id":365957,"central_order_id":25,"request_id":"0d6f4dc5-31c1-446d-8677-0035ca586e01","event":"orderupdated"}
2026-08-31T08:47:10+00:00 INFO Central order received successfully. CONTEXT: {"store_id":"site1","source_order_id":365956,"central_order_id":24,"request_id":"4a822c24-e02e-4047-9dc5-270fab99113c","event":"orderupdated"}
2026-08-31T08:49:01+00:00 INFO Central order received successfully. CONTEXT: {"store_id":"site1","source_order_id":365956,"central_order_id":24,"request_id":"8ae3d9aa-2766-4025-9b46-3b37a4ecf87e","event":"orderupdated"}
2026-08-31T09:01:54+00:00 INFO Central order received successfully. CONTEXT: {"store_id":"site1","source_order_id":365705,"central_order_id":26,"request_id":"55141ad2-3e03-4927-968c-3cbace1aac61","event":"orderupdated"}
2026-08-31T09:02:53+00:00 INFO Central order received successfully. CONTEXT: {"store_id":"site1","source_order_id":365961,"central_order_id":27,"request_id":"48add506-f9a7-4caf-8036-d3bcc8450cbe","event":"orderupdated"}
2026-08-31T09:02:58+00:00 INFO Central order received successfully. CONTEXT: {"store_id":"site1","source_order_id":365961,"central_order_id":27,"request_id":"3e70645c-a7bc-46e4-9194-4ff9b9dfd444","event":"orderupdated"}
2026-08-31T09:03:00+00:00 INFO Central order received successfully. CONTEXT: {"store_id":"site1","source_order_id":365961,"central_order_id":27,"request_id":"9d337591-a7e0-4420-8186-eade88b522c6","event":"orderupdated"}
2026-08-31T09:03:09+00:00 INFO Central order received successfully. CONTEXT: {"store_id":"site1","source_order_id":365961,"central_order_id":27,"request_id":"d3d00552-673d-4c2b-9400-80d84144d029","event":"orderupdated"}
2026-08-31T09:03:52+00:00 INFO Central order received successfully. CONTEXT: {"store_id":"site1","source_order_id":365962,"central_order_id":28,"request_id":"cac42fdf-c21c-48bb-89aa-2f01e0d3c9a5","event":"orderupdated"}
2026-08-31T09:04:35+00:00 INFO Central order received successfully. CONTEXT: {"store_id":"site1","source_order_id":365963,"central_order_id":29,"request_id":"6cb06f9d-fe58-4907-9a2d-50ce8e58f8eb","event":"orderupdated"}
2026-08-31T09:04:42+00:00 INFO Central order received successfully. CONTEXT: {"store_id":"site1","source_order_id":365963,"central_order_id":29,"request_id":"6912b68e-6eea-4183-91e1-603c39344232","event":"orderupdated"}
2026-08-31T09:04:54+00:00 INFO Central order received successfully. CONTEXT: {"store_id":"site1","source_order_id":365964,"central_order_id":30,"request_id":"5039fc92-d2ad-4d65-ae2a-9ebfca1ba355","event":"orderupdated"}
2026-08-31T09:04:59+00:00 INFO Central order received successfully. CONTEXT: {"store_id":"site1","source_order_id":365964,"central_order_id":30,"request_id":"b5470cef-268b-4be8-acb4-deee86321d34","event":"orderupdated"}
2026-08-31T09:05:08+00:00 INFO Central order received successfully. CONTEXT: {"store_id":"site1","source_order_id":365964,"central_order_id":30,"request_id":"d618b7f1-756f-4649-9373-2caa92cf1f41","event":"orderupdated"}
2026-08-31T09:07:25+00:00 INFO Central order received successfully. CONTEXT: {"store_id":"site1","source_order_id":365964,"central_order_id":30,"request_id":"839b7aa2-258a-45a2-b5f9-76e968c49841","event":"orderupdated"}
2026-08-31T09:07:50+00:00 INFO Central order received successfully. CONTEXT: {"store_id":"site1","source_order_id":365964,"central_order_id":30,"request_id":"857d7f2a-2d48-4b5c-a6b4-06b8a5892d34","event":"orderupdated"}
2026-08-31T09:09:05+00:00 INFO Central order received successfully. CONTEXT: {"store_id":"site1","source_order_id":365966,"central_order_id":31,"request_id":"85e368be-1ee3-4e5c-9dc6-9e0f235ce97a","event":"orderupdated"}
2026-08-31T09:09:08+00:00 INFO Central order received successfully. CONTEXT: {"store_id":"site1","source_order_id":365966,"central_order_id":31,"request_id":"fd4c23a9-6dba-43bf-aaea-00d319ebd680","event":"orderupdated"}
2026-08-31T09:09:35+00:00 INFO Central order received successfully. CONTEXT: {"store_id":"site1","source_order_id":365966,"central_order_id":31,"request_id":"021159d9-92d7-4f6f-b9c6-5e87c9cf057d","event":"orderupdated"}
2026-08-31T09:10:10+00:00 INFO Central order received successfully. CONTEXT: {"store_id":"site1","source_order_id":365966,"central_order_id":31,"request_id":"485d47a9-7c5c-44be-9fe7-39e5413fe320","event":"orderupdated"}
2026-08-31T09:10:17+00:00 INFO Central order received successfully. CONTEXT: {"store_id":"site1","source_order_id":365966,"central_order_id":31,"request_id":"5d87d0e4-4be8-4275-8772-0c2fec169a96","event":"orderupdated"}
2026-08-31T09:10:18+00:00 INFO Central order received successfully. CONTEXT: {"store_id":"site1","source_order_id":365966,"central_order_id":31,"request_id":"96091fb4-430b-4659-a844-15883c556c46","event":"orderupdated"}
2026-08-31T09:10:25+00:00 INFO Central order received successfully. CONTEXT: {"store_id":"site1","source_order_id":365966,"central_order_id":31,"request_id":"e3c16ed8-b2b3-402c-8869-929d684276dd","event":"orderupdated"}
2026-08-31T09:11:06+00:00 INFO Central order received successfully. CONTEXT: {"store_id":"site1","source_order_id":365975,"central_order_id":32,"request_id":"6e98ab89-48f7-4eaf-ac71-8edb8e90b8a0","event":"orderupdated"}
2026-08-31T09:11:36+00:00 INFO Central order received successfully. CONTEXT: {"store_id":"site1","source_order_id":365975,"central_order_id":32,"request_id":"21dce27c-8ecc-4a91-a424-b19d20254701","event":"orderupdated"}
2026-08-31T09:13:11+00:00 INFO Central order received successfully. CONTEXT: {"store_id":"site1","source_order_id":365975,"central_order_id":32,"request_id":"dc74bb68-53c0-40cd-bb95-5c89aa649f8e","event":"orderupdated"}
2026-08-31T09:13:41+00:00 INFO Central order received successfully. CONTEXT: {"store_id":"site1","source_order_id":365975,"central_order_id":32,"request_id":"5aa0e02e-a93b-4dd6-8b0d-ee0fd93b8449","event":"orderupdated"}
2026-08-31T09:18:11+00:00 INFO Central order received successfully. CONTEXT: {"store_id":"site1","source_order_id":365871,"central_order_id":17,"request_id":"b298c7ee-b059-463b-8a8f-8c7bf256bb34","event":"orderupdated"}
2026-08-31T09:18:33+00:00 INFO Central order received successfully. CONTEXT: {"store_id":"site1","source_order_id":365882,"central_order_id":33,"request_id":"9e4ed7fb-0114-4c6a-bddb-8784056c3798","event":"orderupdated"}
2026-08-31T09:18:40+00:00 INFO Central order received successfully. CONTEXT: {"store_id":"site1","source_order_id":365919,"central_order_id":34,"request_id":"3810c135-2a10-46f4-958e-8f1067bd36a1","event":"orderupdated"}
2026-08-31T09:18:53+00:00 INFO Central order received successfully. CONTEXT: {"store_id":"site1","source_order_id":365927,"central_order_id":16,"request_id":"e7ccf26b-d035-4ad0-b398-6ba514fc28f7","event":"orderupdated"}
2026-08-31T09:19:21+00:00 INFO Central order received successfully. CONTEXT: {"store_id":"site1","source_order_id":365957,"central_order_id":25,"request_id":"c9eab77d-0659-47b3-bc33-dccdb321b9e8","event":"orderupdated"}
2026-08-31T09:21:55+00:00 INFO Central order received successfully. CONTEXT: {"store_id":"site1","source_order_id":366048,"central_order_id":35,"request_id":"c361061c-6f25-4433-aae2-3e5fd2f7a04a","event":"orderupdated"}
2026-08-31T09:25:36+00:00 INFO Central order received successfully. CONTEXT: {"store_id":"site1","source_order_id":366048,"central_order_id":35,"request_id":"c0292a6c-f5da-4d2c-b72f-a40bb9f75c10","event":"orderupdated"}
2026-08-31T09:27:06+00:00 INFO Central order received successfully. CONTEXT: {"store_id":"site1","source_order_id":366192,"central_order_id":36,"request_id":"b86eb5e5-254b-426d-a8e6-b23b990bdb34","event":"orderupdated"}
2026-08-31T09:30:44+00:00 INFO Central order received successfully. CONTEXT: {"store_id":"site1","source_order_id":366192,"central_order_id":36,"request_id":"3a4a29a1-4196-474a-a9a8-4c06028f64f9","event":"orderupdated"}
2026-08-31T09:33:25+00:00 INFO Central order received successfully. CONTEXT: {"store_id":"site1","source_order_id":366220,"central_order_id":37,"request_id":"49df9c89-0ad4-4912-aaf1-69b58532b210","event":"orderupdated"}
2026-08-31T09:35:06+00:00 INFO Central order received successfully. CONTEXT: {"store_id":"site1","source_order_id":366220,"central_order_id":37,"request_id":"0009ddd3-3e85-479c-9953-a3d0fb9117c2","event":"orderupdated"}
2026-08-31T09:39:05+00:00 INFO Central order received successfully. CONTEXT: {"store_id":"site1","source_order_id":366222,"central_order_id":38,"request_id":"16c053d4-0a8c-4141-917f-4ff909646400","event":"orderupdated"}
2026-08-31T09:41:01+00:00 INFO Central order received successfully. CONTEXT: {"store_id":"site1","source_order_id":366224,"central_order_id":39,"request_id":"4c18ca98-a97e-4dbb-bbc3-7fadbda1bcf1","event":"orderupdated"}
2026-08-31T09:43:28+00:00 INFO Central order received successfully. CONTEXT: {"store_id":"site1","source_order_id":366224,"central_order_id":39,"request_id":"90c1b61f-fb5f-474f-995a-ea40c581ea84","event":"orderupdated"}
2026-08-31T09:44:02+00:00 INFO Central order received successfully. CONTEXT: {"store_id":"site1","source_order_id":366225,"central_order_id":40,"request_id":"247c1c34-28e4-4498-909f-f9d611bed678","event":"orderupdated"}
2026-08-31T09:46:11+00:00 INFO Central order received successfully. CONTEXT: {"store_id":"site1","source_order_id":366225,"central_order_id":40,"request_id":"c0d8a44b-ebd6-4254-9126-01120cdc6279","event":"orderupdated"}
2026-08-31T09:46:33+00:00 INFO Central order received successfully. CONTEXT: {"store_id":"site1","source_order_id":366225,"central_order_id":40,"request_id":"26e307e8-ace5-4673-b3ef-1d3cd43afada","event":"orderupdated"}
2026-08-31T09:48:22+00:00 INFO Central order received successfully. CONTEXT: {"store_id":"site1","source_order_id":365961,"central_order_id":27,"request_id":"70571f5f-6af5-4035-8851-11278ac858ae","event":"orderupdated"}
2026-08-31T09:49:13+00:00 INFO Central order received successfully. CONTEXT: {"store_id":"site1","source_order_id":366228,"central_order_id":42,"request_id":"62143dad-ae29-4d28-8c28-edd7ae187e5f","event":"orderupdated"}
2026-08-31T09:52:04+00:00 INFO Central order received successfully. CONTEXT: {"store_id":"site1","source_order_id":365919,"central_order_id":34,"request_id":"eb481c41-3030-4d08-a1ba-bd57a2ca1cee","event":"orderupdated"}
2026-08-31T09:53:09+00:00 INFO Central order received successfully. CONTEXT: {"store_id":"site1","source_order_id":366228,"central_order_id":42,"request_id":"a6b35838-0e55-4714-8692-bc9b9b8a7717","event":"orderupdated"}
2026-08-31T10:13:31+00:00 INFO Central order received successfully. CONTEXT: {"store_id":"site1","source_order_id":366232,"central_order_id":43,"request_id":"cdc00033-c18d-4e6d-86db-aff1c8ddaf73","event":"orderupdated"}
2026-08-31T10:14:41+00:00 INFO Central order received successfully. CONTEXT: {"store_id":"site1","source_order_id":366232,"central_order_id":43,"request_id":"d564c73c-e304-4efc-b4e2-9be1cd0de8d2","event":"orderupdated"}
2026-08-31T10:19:49+00:00 INFO Central order received successfully. CONTEXT: {"store_id":"site1","source_order_id":366234,"central_order_id":44,"request_id":"28e9f32a-f4bc-47ce-82a3-985d61b1e289","event":"orderupdated"}
2026-08-31T10:22:21+00:00 INFO Central order received successfully. CONTEXT: {"store_id":"site1","source_order_id":366236,"central_order_id":45,"request_id":"b7d94f13-e85a-4560-8159-b5d91236b19d","event":"orderupdated"}
2026-08-31T10:23:24+00:00 INFO Central order received successfully. CONTEXT: {"store_id":"site1","source_order_id":366234,"central_order_id":44,"request_id":"1dce6c30-284e-40e9-a53a-bbdfab4ffe88","event":"orderupdated"}
2026-08-31T10:26:58+00:00 INFO Central order received successfully. CONTEXT: {"store_id":"site1","source_order_id":366236,"central_order_id":45,"request_id":"8d6b2984-2222-4db9-b86d-39710b4e993e","event":"orderupdated"}
2026-08-31T10:28:31+00:00 INFO Central order received successfully. CONTEXT: {"store_id":"site1","source_order_id":366236,"central_order_id":45,"request_id":"b6f41acf-45da-446d-9539-70e8e24f27cf","event":"orderupdated"}
2026-08-31T10:29:05+00:00 INFO Central order received successfully. CONTEXT: {"store_id":"site1","source_order_id":366236,"central_order_id":45,"request_id":"597a4d60-9748-4af9-a74c-a5475a153a1f","event":"orderupdated"}
2026-08-31T10:33:06+00:00 INFO Central order received successfully. CONTEXT: {"store_id":"site1","source_order_id":366239,"central_order_id":46,"request_id":"b2934529-3113-4af7-966e-2dd7a643d35c","event":"orderupdated"}
2026-08-31T10:33:44+00:00 INFO Central order received successfully. CONTEXT: {"store_id":"site1","source_order_id":366258,"central_order_id":47,"request_id":"59708a2d-236e-4a4d-8c3f-bb6cf8b56b9b","event":"orderupdated"}
2026-08-31T10:35:01+00:00 INFO Central order received successfully. CONTEXT: {"store_id":"site1","source_order_id":366258,"central_order_id":47,"request_id":"5d43267e-39ae-4cd9-a404-efcbeb17d3ab","event":"orderupdated"}
2026-08-31T10:37:27+00:00 INFO Central order received successfully. CONTEXT: {"store_id":"site1","source_order_id":366260,"central_order_id":48,"request_id":"f605ed32-ba0a-490c-afe6-6874dd5ce9e7","event":"orderupdated"}
2026-08-31T10:45:25+00:00 INFO Central order received successfully. CONTEXT: {"store_id":"site1","source_order_id":366264,"central_order_id":50,"request_id":"619e084d-9874-438b-af19-1cdba550b560","event":"orderupdated"}
2026-08-31T10:45:32+00:00 INFO Central order received successfully. CONTEXT: {"store_id":"site1","source_order_id":366264,"central_order_id":50,"request_id":"aa4adb3a-c885-4bd6-a397-922b25a6f609","event":"orderupdated"}
2026-08-31T10:47:30+00:00 INFO Central order received successfully. CONTEXT: {"store_id":"site1","source_order_id":366264,"central_order_id":50,"request_id":"839bd6bc-b5c4-4f8a-acdb-79433642657d","event":"orderupdated"}
2026-08-31T10:48:04+00:00 INFO Central order received successfully. CONTEXT: {"store_id":"site1","source_order_id":366264,"central_order_id":50,"request_id":"3afcc4d9-6b80-42cc-9836-274274a8d76e","event":"orderupdated"}
2026-08-31T10:49:35+00:00 INFO Central order received successfully. CONTEXT: {"store_id":"site1","source_order_id":366265,"central_order_id":51,"request_id":"eed66f98-54e1-4555-8f99-7f5114203930","event":"orderupdated"}
2026-08-31T10:50:51+00:00 INFO Central order received successfully. CONTEXT: {"store_id":"site1","source_order_id":366265,"central_order_id":51,"request_id":"e5b7e63a-5afe-4f6a-bd7b-c39c55f072b1","event":"orderupdated"}
2026-08-31T10:50:53+00:00 INFO Central order received successfully. CONTEXT: {"store_id":"site1","source_order_id":366265,"central_order_id":51,"request_id":"9b909752-7b75-4e4a-89fa-8e5eb79f97df","event":"orderupdated"}
2026-08-31T10:51:01+00:00 INFO Central order received successfully. CONTEXT: {"store_id":"site1","source_order_id":366265,"central_order_id":51,"request_id":"d7de55dd-ad6f-4c82-a0d3-60eea00b04be","event":"orderupdated"}
2026-08-31T10:51:08+00:00 INFO Central order received successfully. CONTEXT: {"store_id":"site1","source_order_id":366267,"central_order_id":52,"request_id":"fdc6b14b-4fa3-4a4b-a3fb-a4bf010bd984","event":"orderupdated"}
2026-08-31T11:09:34+00:00 INFO Central order received successfully. CONTEXT: {"store_id":"site1","source_order_id":366280,"central_order_id":53,"request_id":"46331b56-bd45-406f-b8c8-266ee8235e88","event":"orderupdated"}
2026-08-31T11:10:09+00:00 INFO Central order received successfully. CONTEXT: {"store_id":"site1","source_order_id":366280,"central_order_id":53,"request_id":"fe7f15cb-8ba2-4159-8093-ca06b4f7998e","event":"orderupdated"}
2026-08-31T11:11:38+00:00 INFO Central order received successfully. CONTEXT: {"store_id":"site1","source_order_id":366282,"central_order_id":54,"request_id":"f70ac950-7178-49d1-b3ab-aed3a52affbe","event":"orderupdated"}
2026-08-31T11:12:02+00:00 INFO Central order received successfully. CONTEXT: {"store_id":"site1","source_order_id":366282,"central_order_id":54,"request_id":"8624491e-460f-4e99-b590-4012ddfd0ff9","event":"orderupdated"}
2026-08-31T11:13:51+00:00 INFO Central order received successfully. CONTEXT: {"store_id":"site1","source_order_id":366282,"central_order_id":54,"request_id":"60f96544-9ea3-424e-8767-a44dda744b75","event":"orderupdated"}
2026-08-31T11:14:07+00:00 INFO Central order received successfully. CONTEXT: {"store_id":"site1","source_order_id":366282,"central_order_id":54,"request_id":"06c25026-896b-4400-b3e4-558cbf8e76ec","event":"orderupdated"}
2026-08-31T11:15:52+00:00 INFO Central order received successfully. CONTEXT: {"store_id":"site1","source_order_id":366284,"central_order_id":55,"request_id":"78cae84d-dead-431b-9a7c-5db88e3dd22a","event":"orderupdated"}
2026-08-31T11:18:24+00:00 INFO Central order received successfully. CONTEXT: {"store_id":"site1","source_order_id":366286,"central_order_id":56,"request_id":"3f98a20a-ebb5-4ad1-89d3-9112fe94b901","event":"orderupdated"}
2026-08-31T11:18:51+00:00 INFO Central order received successfully. CONTEXT: {"store_id":"site1","source_order_id":366286,"central_order_id":56,"request_id":"2530d6e2-a47c-46b9-ad1a-47fd7162436c","event":"orderupdated"}
2026-08-31T11:19:55+00:00 INFO Central order received successfully. CONTEXT: {"store_id":"site1","source_order_id":366239,"central_order_id":46,"request_id":"ecf8da31-2b22-442d-9b24-2ac9c1d70ac2","event":"orderupdated"}
2026-08-31T11:21:44+00:00 INFO Central order received successfully. CONTEXT: {"store_id":"site1","source_order_id":366290,"central_order_id":57,"request_id":"e6e0e60c-185d-49e2-b016-ab875eaf9f7b","event":"orderupdated"}
2026-08-31T11:22:03+00:00 INFO Central order received successfully. CONTEXT: {"store_id":"site1","source_order_id":366284,"central_order_id":55,"request_id":"f2f2d773-15be-4d0c-8218-f91ab414ea80","event":"orderupdated"}
2026-08-31T11:22:11+00:00 INFO Central order received successfully. CONTEXT: {"store_id":"site1","source_order_id":366284,"central_order_id":55,"request_id":"3d9aa2bb-005b-4d6a-8f3f-03d803b2b49f","event":"orderupdated"}
2026-08-31T11:22:19+00:00 INFO Central order received successfully. CONTEXT: {"store_id":"site1","source_order_id":366284,"central_order_id":55,"request_id":"517eabac-8280-4bb0-8508-e419ffaca983","event":"orderupdated"}
2026-08-31T11:23:05+00:00 INFO Central order received successfully. CONTEXT: {"store_id":"site1","source_order_id":366290,"central_order_id":57,"request_id":"76bed9dd-fbfa-49ff-85f6-c13f0dd697b1","event":"orderupdated"}
2026-08-31T11:23:31+00:00 INFO Central order received successfully. CONTEXT: {"store_id":"site1","source_order_id":366290,"central_order_id":57,"request_id":"89508017-8f27-43ce-99af-8b9c5a609f1e","event":"orderupdated"}
2026-08-31T11:35:06+00:00 INFO Central order received successfully. CONTEXT: {"store_id":"site1","source_order_id":366302,"central_order_id":58,"request_id":"cea79baf-cd70-42ce-8dce-2b2dd0e6dec5","event":"orderupdated"}
2026-08-31T11:36:10+00:00 INFO Central order received successfully. CONTEXT: {"store_id":"site1","source_order_id":366302,"central_order_id":58,"request_id":"b1dce353-5456-44ff-b61f-03fda81bafe8","event":"orderupdated"}
2026-08-31T11:38:48+00:00 INFO Central order received successfully. CONTEXT: {"store_id":"site1","source_order_id":366303,"central_order_id":59,"request_id":"e4ffea70-f842-44bf-a329-9640228c1416","event":"orderupdated"}
2026-08-31T11:39:04+00:00 INFO Central order received successfully. CONTEXT: {"store_id":"site1","source_order_id":366305,"central_order_id":60,"request_id":"8b189d8b-c3a8-44e3-bcde-8e8fcc609f19","event":"orderupdated"}
2026-08-31T11:39:56+00:00 INFO Central order received successfully. CONTEXT: {"store_id":"site1","source_order_id":366303,"central_order_id":59,"request_id":"aa892e11-aad0-4f00-b9f1-280c1abb29e1","event":"orderupdated"}
2026-08-31T11:55:49+00:00 INFO Central order received successfully. CONTEXT: {"store_id":"site1","source_order_id":366312,"central_order_id":61,"request_id":"f0d04fb0-3092-4d72-b579-b10516787cbf","event":"orderupdated"}
2026-08-31T11:56:22+00:00 INFO Central order received successfully. CONTEXT: {"store_id":"site1","source_order_id":366312,"central_order_id":61,"request_id":"bd3d9634-943b-4157-9462-7a9c4be7012f","event":"orderupdated"}
2026-08-31T12:05:15+00:00 INFO Central order received successfully. CONTEXT: {"store_id":"site1","source_order_id":366330,"central_order_id":62,"request_id":"75b8a985-0fda-4fde-9a5d-5af952d2db03","event":"orderupdated"}
2026-08-31T12:05:40+00:00 INFO Central order received successfully. CONTEXT: {"store_id":"site1","source_order_id":366330,"central_order_id":62,"request_id":"12025210-cc48-486e-b0ee-a2944d2adcd3","event":"orderupdated"}
2026-08-31T12:08:04+00:00 INFO Central order received successfully. CONTEXT: {"store_id":"site1","source_order_id":363891,"central_order_id":63,"request_id":"1c74e1b8-47a1-483b-8810-3652d4ed05c6","event":"orderupdated"}
2026-08-31T12:20:12+00:00 INFO Central order received successfully. CONTEXT: {"store_id":"site1","source_order_id":366239,"central_order_id":46,"request_id":"e78761a8-7146-43db-9bc4-0a5ff1ad2f81","event":"orderupdated"}
2026-08-31T12:20:38+00:00 INFO Central order received successfully. CONTEXT: {"store_id":"site1","source_order_id":366305,"central_order_id":60,"request_id":"ced9035e-e71a-4726-9cd9-52aff10b86df","event":"orderupdated"}
2026-08-31T12:37:38+00:00 INFO Central order received successfully. CONTEXT: {"store_id":"site1","source_order_id":365851,"central_order_id":65,"request_id":"0361d9d2-cab5-4816-b9ba-bf266bf844a0","event":"orderupdated"}
2026-08-31T12:39:29+00:00 INFO Central order received successfully. CONTEXT: {"store_id":"site1","source_order_id":366349,"central_order_id":66,"request_id":"fa0f4a4a-4444-4e18-ad03-446141799fd1","event":"orderupdated"}
2026-08-31T12:41:09+00:00 INFO Central order received successfully. CONTEXT: {"store_id":"site1","source_order_id":366349,"central_order_id":66,"request_id":"f97d269a-1e72-4b65-b9d8-18d557f54319","event":"orderupdated"}
2026-08-31T12:41:40+00:00 INFO Central order received successfully. CONTEXT: {"store_id":"site1","source_order_id":366349,"central_order_id":66,"request_id":"b70dccfe-c810-4753-a4b4-4cb1344261b6","event":"orderupdated"}
2026-08-31T12:41:56+00:00 INFO Central order received successfully. CONTEXT: {"store_id":"site1","source_order_id":366350,"central_order_id":67,"request_id":"293db386-bbe9-40c8-a4f2-02a3abf1ea85","event":"orderupdated"}
2026-08-31T12:42:08+00:00 INFO Central order received successfully. CONTEXT: {"store_id":"site1","source_order_id":366350,"central_order_id":67,"request_id":"a6380666-72f6-4c71-acb4-8c6b01ac020a","event":"orderupdated"}
2026-08-31T12:43:49+00:00 INFO Central order received successfully. CONTEXT: {"store_id":"site1","source_order_id":366350,"central_order_id":67,"request_id":"ef027992-d997-4ea3-8790-43a5204a3576","event":"orderupdated"}
2026-08-31T12:43:52+00:00 INFO Central order received successfully. CONTEXT: {"store_id":"site1","source_order_id":359772,"central_order_id":68,"request_id":"72c011a7-636f-4203-9d11-226c547f0872","event":"orderupdated"}
2026-08-31T12:43:59+00:00 INFO Central order received successfully. CONTEXT: {"store_id":"site1","source_order_id":359772,"central_order_id":68,"request_id":"86cc4dc5-3d39-4fcb-90df-2085303b4164","event":"orderupdated"}
2026-08-31T12:45:54+00:00 INFO Central order received successfully. CONTEXT: {"store_id":"site1","source_order_id":366353,"central_order_id":70,"request_id":"d0af2c5d-5879-4f7f-b699-8737ab8d67bf","event":"orderupdated"}
2026-08-31T12:47:44+00:00 INFO Central order received successfully. CONTEXT: {"store_id":"site1","source_order_id":366354,"central_order_id":71,"request_id":"58361b66-6743-4f0a-bf98-710cb812deea","event":"orderupdated"}
2026-08-31T12:47:59+00:00 INFO Central order received successfully. CONTEXT: {"store_id":"site1","source_order_id":366354,"central_order_id":71,"request_id":"b97fedc6-019a-463f-b3f5-89eae81eab99","event":"orderupdated"}
2026-08-31T12:48:16+00:00 INFO Central order received successfully. CONTEXT: {"store_id":"site1","source_order_id":366355,"central_order_id":72,"request_id":"4fb5d588-8129-47f3-945f-91c29628e7be","event":"orderupdated"}
2026-08-31T12:48:39+00:00 INFO Central order received successfully. CONTEXT: {"store_id":"site1","source_order_id":366355,"central_order_id":72,"request_id":"deb895dc-01c3-4864-ac13-4a2eb8840363","event":"orderupdated"}
2026-08-31T12:50:10+00:00 INFO Central order received successfully. CONTEXT: {"store_id":"site1","source_order_id":366330,"central_order_id":62,"request_id":"9d6086ed-3759-48a5-a237-a46b62583e1f","event":"orderupdated"}
2026-08-31T12:50:43+00:00 INFO Central order received successfully. CONTEXT: {"store_id":"site1","source_order_id":366353,"central_order_id":70,"request_id":"2fac8400-dc01-40cb-ac1c-0188402461b4","event":"orderupdated"}
2026-08-31T12:51:14+00:00 INFO Central order received successfully. CONTEXT: {"store_id":"site1","source_order_id":366356,"central_order_id":73,"request_id":"d0de8faa-5921-46c0-ad18-319e7af82547","event":"orderupdated"}
2026-08-31T12:51:21+00:00 INFO Central order received successfully. CONTEXT: {"store_id":"site1","source_order_id":366356,"central_order_id":73,"request_id":"c7e12b8a-35d2-4d8b-885a-a309c9eeb6ae","event":"orderupdated"}
2026-08-31T12:52:09+00:00 INFO Central order received successfully. CONTEXT: {"store_id":"site1","source_order_id":366355,"central_order_id":72,"request_id":"872f4685-acb3-4a26-a826-dbdd6ad8bba6","event":"orderupdated"}
2026-08-31T12:52:14+00:00 INFO Central order received successfully. CONTEXT: {"store_id":"site1","source_order_id":366355,"central_order_id":72,"request_id":"230b6eb1-d4d9-4850-8776-dc7e2da06f56","event":"orderupdated"}
2026-08-31T12:58:49+00:00 INFO Central order received successfully. CONTEXT: {"store_id":"site1","source_order_id":366364,"central_order_id":74,"request_id":"ec5603c5-aaaf-4e16-bfe7-bd7df1551d1d","event":"orderupdated"}
2026-08-31T13:02:03+00:00 INFO Central order received successfully. CONTEXT: {"store_id":"site1","source_order_id":363577,"central_order_id":75,"request_id":"bee6a33c-a13d-4c64-8c67-b6c4f3c7ceb9","event":"orderupdated"}
2026-08-31T13:06:10+00:00 INFO Central order received successfully. CONTEXT: {"store_id":"site1","source_order_id":363815,"central_order_id":76,"request_id":"e28622af-beca-4af0-9c62-b63dccb67f04","event":"orderupdated"}
2026-08-31T13:22:37+00:00 INFO Central order received successfully. CONTEXT: {"store_id":"site1","source_order_id":366239,"central_order_id":46,"request_id":"4fc73063-0eb8-4701-87bf-7c59f3e2fa29","event":"orderupdated"}
2026-08-31T13:26:52+00:00 INFO Central order received successfully. CONTEXT: {"store_id":"site1","source_order_id":366377,"central_order_id":77,"request_id":"36318db6-0f6b-4f37-b31f-4e8b31c3b7ef","event":"orderupdated"}
2026-08-31T13:29:30+00:00 INFO Central order received successfully. CONTEXT: {"store_id":"site1","source_order_id":366377,"central_order_id":77,"request_id":"9cfc65f9-925d-4b6e-ae12-fec9c6a0ac07","event":"orderupdated"}
2026-08-31T13:35:25+00:00 INFO Central order received successfully. CONTEXT: {"store_id":"site1","source_order_id":366384,"central_order_id":78,"request_id":"3c9c484b-e5ea-419a-a986-ed5d1e23805d","event":"orderupdated"}
2026-08-31T13:36:56+00:00 INFO Central order received successfully. CONTEXT: {"store_id":"site1","source_order_id":366384,"central_order_id":78,"request_id":"cc34ef7e-8040-4c2c-87fe-522f1e2a88d4","event":"orderupdated"}
2026-08-31T13:44:06+00:00 INFO Central order received successfully. CONTEXT: {"store_id":"site1","source_order_id":366364,"central_order_id":74,"request_id":"b2887c68-2f3a-4f45-b10d-879c0bcfa1d4","event":"orderupdated"}
2026-08-31T13:45:44+00:00 INFO Central order received successfully. CONTEXT: {"store_id":"site1","source_order_id":366364,"central_order_id":74,"request_id":"9d5cd521-a2e7-4f10-90ee-a34bec5c3fb6","event":"orderupdated"}
2026-08-31T13:47:26+00:00 INFO Central order received successfully. CONTEXT: {"store_id":"site1","source_order_id":366364,"central_order_id":74,"request_id":"0737a81f-a495-4ffa-aea5-26a119594d6f","event":"orderupdated"}
2026-08-31T13:47:34+00:00 INFO Central order received successfully. CONTEXT: {"store_id":"site1","source_order_id":366364,"central_order_id":74,"request_id":"fab4c9e1-b231-4e72-bc8c-f4163e0c5ad5","event":"orderupdated"}
2026-08-31T13:59:02+00:00 INFO Central order received successfully. CONTEXT: {"store_id":"site1","source_order_id":366462,"central_order_id":80,"request_id":"678ac3c9-121c-4e2c-8440-8a3c08683528","event":"orderupdated"}
2026-08-31T14:10:36+00:00 INFO Central order received successfully. CONTEXT: {"store_id":"site1","source_order_id":366467,"central_order_id":81,"request_id":"4b6fc791-03d3-4178-92a4-18120c1d72ac","event":"orderupdated"}
2026-08-31T14:11:37+00:00 INFO Central order received successfully. CONTEXT: {"store_id":"site1","source_order_id":366467,"central_order_id":81,"request_id":"3a08ce59-31e7-46ef-abdc-82c0772bb317","event":"orderupdated"}
2026-08-31T14:14:05+00:00 INFO Central order received successfully. CONTEXT: {"store_id":"site1","source_order_id":366467,"central_order_id":81,"request_id":"af196a7b-9afa-4f4c-bc34-0f888160268d","event":"orderupdated"}
2026-08-31T14:16:09+00:00 INFO Central order received successfully. CONTEXT: {"store_id":"site1","source_order_id":363598,"central_order_id":82,"request_id":"88c8fa9e-4f5d-491e-8975-eaf19bcbeb0a","event":"orderupdated"}
2026-08-31T14:21:14+00:00 INFO Central order received successfully. CONTEXT: {"store_id":"site1","source_order_id":366353,"central_order_id":70,"request_id":"197f12c9-222d-4391-81d7-17dc0dd82e33","event":"orderupdated"}
2026-08-31T14:21:27+00:00 INFO Central order received successfully. CONTEXT: {"store_id":"site1","source_order_id":366354,"central_order_id":71,"request_id":"1c185e0d-4484-407d-8cfa-460694d6da92","event":"orderupdated"}
2026-08-31T14:22:05+00:00 INFO Central order received successfully. CONTEXT: {"store_id":"site1","source_order_id":366366,"central_order_id":83,"request_id":"1aa50336-0a78-4683-85a7-6584a02190a4","event":"orderupdated"}
2026-08-31T14:33:40+00:00 INFO Central order received successfully. CONTEXT: {"store_id":"site1","source_order_id":363697,"central_order_id":85,"request_id":"4ebfda59-b75b-43b2-a254-8629f2c972f9","event":"orderupdated"}
2026-08-31T14:34:55+00:00 INFO Central order received successfully. CONTEXT: {"store_id":"site1","source_order_id":363709,"central_order_id":86,"request_id":"e25821e0-e67c-40c0-8880-2584cada9198","event":"orderupdated"}
2026-08-31T14:35:46+00:00 INFO Central order received successfully. CONTEXT: {"store_id":"site1","source_order_id":363791,"central_order_id":87,"request_id":"b1f9f43c-1034-467e-ae0d-12a6c7f10548","event":"orderupdated"}
2026-08-31T14:36:10+00:00 INFO Central order received successfully. CONTEXT: {"store_id":"site1","source_order_id":363791,"central_order_id":87,"request_id":"fdef20da-5833-4006-85b9-604bb00096c8","event":"orderupdated"}
2026-08-31T14:52:50+00:00 INFO Central order received successfully. CONTEXT: {"store_id":"site1","source_order_id":366462,"central_order_id":80,"request_id":"384079af-7e1e-4f13-8031-947e5d25ed7b","event":"orderupdated"}
2026-08-31T14:53:10+00:00 INFO Central order received successfully. CONTEXT: {"store_id":"site1","source_order_id":363558,"central_order_id":89,"request_id":"dacbf16c-d567-4ef0-9a28-92892b003c94","event":"orderupdated"}
2026-08-31T14:53:38+00:00 INFO Central order received successfully. CONTEXT: {"store_id":"site1","source_order_id":363558,"central_order_id":89,"request_id":"07144df1-d7b7-4ba9-a62d-bcafcf66a688","event":"orderupdated"}
2026-08-31T15:11:09+00:00 INFO Central order received successfully. CONTEXT: {"store_id":"site1","source_order_id":363179,"central_order_id":91,"request_id":"c6665349-8eb0-479f-bcc1-c1d7de45a550","event":"orderupdated"}
2026-08-31T15:21:04+00:00 INFO Central order received successfully. CONTEXT: {"store_id":"site1","source_order_id":366927,"central_order_id":92,"request_id":"bc2ecc67-ce58-459d-bbd5-8cee4529d0d6","event":"orderupdated"}
2026-08-31T15:23:57+00:00 INFO Central order received successfully. CONTEXT: {"store_id":"site1","source_order_id":366927,"central_order_id":92,"request_id":"85e23ecb-38b8-48b7-8531-2813dcdb414a","event":"orderupdated"}
2026-08-31T15:25:25+00:00 INFO Central order received successfully. CONTEXT: {"store_id":"site1","source_order_id":366930,"central_order_id":93,"request_id":"8824657b-25c5-404d-9d86-8ce2adf88b37","event":"orderupdated"}
2026-08-31T15:26:42+00:00 INFO Central order received successfully. CONTEXT: {"store_id":"site1","source_order_id":366930,"central_order_id":93,"request_id":"1080d2cd-0c68-42f1-8135-c3caf39b29de","event":"orderupdated"}
2026-08-31T15:26:50+00:00 INFO Central order received successfully. CONTEXT: {"store_id":"site1","source_order_id":366931,"central_order_id":94,"request_id":"823eddf7-5212-4d96-a319-a0ca2f8cc9b7","event":"orderupdated"}
2026-08-31T15:26:58+00:00 INFO Central order received successfully. CONTEXT: {"store_id":"site1","source_order_id":366931,"central_order_id":94,"request_id":"44999187-3506-40ab-9151-71ac0e4bcaf0","event":"orderupdated"}
2026-08-31T15:27:04+00:00 INFO Central order received successfully. CONTEXT: {"store_id":"site1","source_order_id":366931,"central_order_id":94,"request_id":"77a7693b-7a11-4836-91fe-cd1665c9d98e","event":"orderupdated"}
2026-08-31T15:31:29+00:00 INFO Central order received successfully. CONTEXT: {"store_id":"site1","source_order_id":366934,"central_order_id":95,"request_id":"785c9099-c6d7-41ce-b697-ccda7d3650d9","event":"orderupdated"}
2026-08-31T15:31:51+00:00 INFO Central order received successfully. CONTEXT: {"store_id":"site1","source_order_id":366934,"central_order_id":95,"request_id":"69e098db-7589-45ef-8053-d49301ff1954","event":"orderupdated"}
2026-08-31T15:32:04+00:00 INFO Central order received successfully. CONTEXT: {"store_id":"site1","source_order_id":366935,"central_order_id":96,"request_id":"18fc9d4c-ef2c-40ee-becd-08cef8986b51","event":"orderupdated"}
2026-08-31T15:37:40+00:00 INFO Central order received successfully. CONTEXT: {"store_id":"site1","source_order_id":366937,"central_order_id":97,"request_id":"ba5721cc-c7af-498a-a74d-35bd786c8c7a","event":"orderupdated"}
2026-08-31T15:45:09+00:00 INFO Central order received successfully. CONTEXT: {"store_id":"site1","source_order_id":363936,"central_order_id":98,"request_id":"d5dfe9b3-87e3-41ff-9120-4774ba8f2893","event":"orderupdated"}
2026-08-31T15:46:04+00:00 INFO Central order received successfully. CONTEXT: {"store_id":"site1","source_order_id":366942,"central_order_id":99,"request_id":"1b691775-4295-4c57-823e-acc7fc0b3b58","event":"orderupdated"}
2026-08-31T15:47:06+00:00 INFO Central order received successfully. CONTEXT: {"store_id":"site1","source_order_id":366942,"central_order_id":99,"request_id":"6f822d04-ce82-4763-a1ee-811b9e161e48","event":"orderupdated"}
2026-08-31T15:47:13+00:00 INFO Central order received successfully. CONTEXT: {"store_id":"site1","source_order_id":366942,"central_order_id":99,"request_id":"10318c9e-8fd8-4533-9d69-dfeefbb7ebd1","event":"orderupdated"}
2026-08-31T15:49:04+00:00 INFO Central order received successfully. CONTEXT: {"store_id":"site1","source_order_id":366943,"central_order_id":100,"request_id":"b727523c-0c39-4be9-92ef-fe3cc995c103","event":"orderupdated"}
2026-08-31T15:50:09+00:00 INFO Central order received successfully. CONTEXT: {"store_id":"site1","source_order_id":366943,"central_order_id":100,"request_id":"a1203fcc-1aad-4dff-8881-2d608e77b4e1","event":"orderupdated"}
2026-08-31T15:50:13+00:00 INFO Central order received successfully. CONTEXT: {"store_id":"site1","source_order_id":366943,"central_order_id":100,"request_id":"add46613-5017-4dd3-8053-40ead370136e","event":"orderupdated"}
2026-08-31T15:50:23+00:00 INFO Central order received successfully. CONTEXT: {"store_id":"site1","source_order_id":366943,"central_order_id":100,"request_id":"ffc88290-9281-49a8-b1ef-eaea49ba46a4","event":"orderupdated"}
2026-08-31T15:50:37+00:00 INFO Central order received successfully. CONTEXT: {"store_id":"site1","source_order_id":366944,"central_order_id":101,"request_id":"c84a490c-33ab-4af8-b116-f99573981ad8","event":"orderupdated"}
2026-08-31T15:52:08+00:00 INFO Central order received successfully. CONTEXT: {"store_id":"site1","source_order_id":363740,"central_order_id":102,"request_id":"a4d72ee6-2693-4278-8589-d4b7a334f9d5","event":"orderupdated"}
2026-08-31T15:52:32+00:00 INFO Central order received successfully. CONTEXT: {"store_id":"site1","source_order_id":363866,"central_order_id":103,"request_id":"f1b15601-90c7-4d01-857c-55b4e6634e04","event":"orderupdated"}
2026-08-31T15:52:43+00:00 INFO Central order received successfully. CONTEXT: {"store_id":"site1","source_order_id":366945,"central_order_id":104,"request_id":"af2bbcac-cf06-4cc8-89af-8901ed914d90","event":"orderupdated"}
2026-08-31T15:52:57+00:00 INFO Central order received successfully. CONTEXT: {"store_id":"site1","source_order_id":366945,"central_order_id":104,"request_id":"46a3f047-8b3c-42ae-aaf0-3f7e2478088d","event":"orderupdated"}
2026-08-31T15:53:04+00:00 INFO Central order received successfully. CONTEXT: {"store_id":"site1","source_order_id":363866,"central_order_id":103,"request_id":"d27095d7-0e21-4c0c-8df6-1d6a5d8385ca","event":"orderupdated"}
2026-08-31T15:54:09+00:00 INFO Central order received successfully. CONTEXT: {"store_id":"site1","source_order_id":366944,"central_order_id":101,"request_id":"26a11b28-62d1-4eac-9513-8dadd3d05d9f","event":"orderupdated"}
2026-08-31T15:54:12+00:00 INFO Central order received successfully. CONTEXT: {"store_id":"site1","source_order_id":366944,"central_order_id":101,"request_id":"c7f044da-58e9-4037-a109-0c2c89f3ebe6","event":"orderupdated"}
2026-08-31T15:55:10+00:00 INFO Central order received successfully. CONTEXT: {"store_id":"site1","source_order_id":366937,"central_order_id":97,"request_id":"6e004581-4987-489a-b324-3b570916d339","event":"orderupdated"}
2026-08-31T15:57:05+00:00 INFO Central order received successfully. CONTEXT: {"store_id":"site1","source_order_id":366945,"central_order_id":104,"request_id":"964e6a11-1d69-41bc-8f7d-1b2bdb4cb005","event":"orderupdated"}
2026-08-31T15:57:52+00:00 INFO Central order received successfully. CONTEXT: {"store_id":"site1","source_order_id":366945,"central_order_id":104,"request_id":"858d2063-cf97-415e-9834-d972f74e6d6d","event":"orderupdated"}
2026-08-31T15:58:59+00:00 INFO Central order received successfully. CONTEXT: {"store_id":"site1","source_order_id":363551,"central_order_id":105,"request_id":"a847c786-c4ee-40f1-8b65-1d76a168e989","event":"orderupdated"}
2026-08-31T15:59:03+00:00 INFO Central order received successfully. CONTEXT: {"store_id":"site1","source_order_id":363551,"central_order_id":105,"request_id":"f78d6ebd-ecab-476a-8488-f90b8985059d","event":"orderupdated"}
2026-08-31T16:00:58+00:00 INFO Central order received successfully. CONTEXT: {"store_id":"site1","source_order_id":366948,"central_order_id":106,"request_id":"88f32da4-0d5a-48f5-a01f-5c71352088d7","event":"orderupdated"}
2026-08-31T16:02:04+00:00 INFO Central order received successfully. CONTEXT: {"store_id":"site1","source_order_id":366950,"central_order_id":107,"request_id":"f6acd161-af83-4103-87e8-66c60f799a99","event":"orderupdated"}
2026-08-31T16:02:15+00:00 INFO Central order received successfully. CONTEXT: {"store_id":"site1","source_order_id":366948,"central_order_id":106,"request_id":"e041ff87-62b8-4c87-9506-b18b0a6cca3d","event":"orderupdated"}
2026-08-31T16:06:53+00:00 INFO Central order received successfully. CONTEXT: {"store_id":"site1","source_order_id":363843,"central_order_id":108,"request_id":"4308d458-e552-4f51-b56a-cb06f972b8ef","event":"orderupdated"}
2026-08-31T16:09:04+00:00 INFO Central order received successfully. CONTEXT: {"store_id":"site1","source_order_id":366950,"central_order_id":107,"request_id":"bcb9adb2-7da3-48a1-82fd-93040fde7e06","event":"orderupdated"}
2026-08-31T16:09:25+00:00 INFO Central order received successfully. CONTEXT: {"store_id":"site2","source_order_id":43323,"central_order_id":109,"request_id":"d14f08e6-fb39-4df9-8ba2-efec87688039","event":"orderupdated"}
2026-08-31T16:14:04+00:00 INFO Central order received successfully. CONTEXT: {"store_id":"site1","source_order_id":366950,"central_order_id":107,"request_id":"0ccc67d6-cfa9-4a2b-ac4a-dcf733b529b3","event":"orderupdated"}
2026-08-31T16:14:28+00:00 INFO Central order received successfully. CONTEXT: {"store_id":"site1","source_order_id":366950,"central_order_id":107,"request_id":"0de1a871-9c7b-4e3f-9987-f2fcc696eb7b","event":"orderupdated"}
2026-08-31T16:15:40+00:00 INFO Central order received successfully. CONTEXT: {"store_id":"site1","source_order_id":366950,"central_order_id":107,"request_id":"67fcfeb0-0f98-4451-9618-6469d450978c","event":"orderupdated"}
2026-08-31T16:15:46+00:00 INFO Central order received successfully. CONTEXT: {"store_id":"site1","source_order_id":366950,"central_order_id":107,"request_id":"a2cb83a3-33eb-4350-89d7-aaa4c05603bc","event":"orderupdated"}
2026-08-31T16:15:53+00:00 INFO Central order received successfully. CONTEXT: {"store_id":"site1","source_order_id":366950,"central_order_id":107,"request_id":"d6b47c8b-dc86-42e6-8f17-c9e171d491e8","event":"orderupdated"}
2026-08-31T16:16:01+00:00 INFO Central order received successfully. CONTEXT: {"store_id":"site1","source_order_id":366950,"central_order_id":107,"request_id":"5dab1290-3f36-445e-a191-bee901ad0bea","event":"orderupdated"}
2026-08-31T16:21:04+00:00 INFO Central order received successfully. CONTEXT: {"store_id":"site1","source_order_id":366957,"central_order_id":111,"request_id":"95020373-b144-4e6b-97c8-b02a7af1bc4a","event":"orderupdated"}
2026-08-31T16:21:31+00:00 INFO Central order received successfully. CONTEXT: {"store_id":"site1","source_order_id":366957,"central_order_id":111,"request_id":"e229059a-d856-4d17-a472-244bbf1a8300","event":"orderupdated"}
2026-08-31T16:22:37+00:00 INFO Central order received successfully. CONTEXT: {"store_id":"site1","source_order_id":363090,"central_order_id":112,"request_id":"143007f6-044b-4c33-bad6-f7dc44377eb0","event":"orderupdated"}
2026-08-31T16:22:44+00:00 INFO Central order received successfully. CONTEXT: {"store_id":"site1","source_order_id":363090,"central_order_id":112,"request_id":"c57c6de6-8421-4bcf-97c0-98a42147f561","event":"orderupdated"}
2026-08-31T16:22:53+00:00 INFO Central order received successfully. CONTEXT: {"store_id":"site1","source_order_id":366927,"central_order_id":92,"request_id":"85772e66-d79e-4bfb-9609-5cc8315fff21","event":"orderupdated"}
2026-08-31T16:24:03+00:00 INFO Central order received successfully. CONTEXT: {"store_id":"site1","source_order_id":366959,"central_order_id":113,"request_id":"de2c8899-ac62-46dc-ab9b-ea740bec928e","event":"orderupdated"}
2026-08-31T16:25:51+00:00 INFO Central order received successfully. CONTEXT: {"store_id":"site2","source_order_id":43323,"central_order_id":109,"request_id":"83f9ca52-8651-4d88-8e51-7f1691482038","event":"orderupdated"}
2026-08-31T16:26:09+00:00 INFO Central order received successfully. CONTEXT: {"store_id":"site1","source_order_id":362610,"central_order_id":114,"request_id":"d0d5451f-e7ac-41ec-9890-4191da1ed8c9","event":"orderupdated"}
2026-08-31T16:26:30+00:00 INFO Central order received successfully. CONTEXT: {"store_id":"site1","source_order_id":363089,"central_order_id":115,"request_id":"3149ec9e-2d6f-4159-bf41-508dae1cafae","event":"orderupdated"}
2026-08-31T16:27:30+00:00 INFO Central order received successfully. CONTEXT: {"store_id":"site1","source_order_id":362780,"central_order_id":116,"request_id":"010f4e02-a451-4cd0-91df-257ebc98c385","event":"orderupdated"}
2026-08-31T16:29:10+00:00 INFO Central order received successfully. CONTEXT: {"store_id":"site1","source_order_id":361163,"central_order_id":117,"request_id":"ac01f7a6-c67c-46e0-b25d-4230547a0f11","event":"orderupdated"}
2026-08-31T16:29:34+00:00 INFO Central order received successfully. CONTEXT: {"store_id":"site1","source_order_id":361163,"central_order_id":117,"request_id":"eef63a3b-c15c-4842-bc1e-9ee54c29e80e","event":"orderupdated"}
2026-08-31T16:31:10+00:00 INFO Central order received successfully. CONTEXT: {"store_id":"site1","source_order_id":362975,"central_order_id":118,"request_id":"2826ab6d-8271-48c3-8cb4-a48b91715351","event":"orderupdated"}
2026-08-31T16:33:02+00:00 INFO Central order received successfully. CONTEXT: {"store_id":"site1","source_order_id":362431,"central_order_id":119,"request_id":"1dfbdb7f-0439-4c50-9cb1-ab8dd248eae4","event":"orderupdated"}
2026-08-31T16:38:10+00:00 INFO Central order received successfully. CONTEXT: {"store_id":"site1","source_order_id":363883,"central_order_id":120,"request_id":"dd18e270-0669-4ab7-8d83-307b48dc1be4","event":"orderupdated"}
2026-08-31T16:39:09+00:00 INFO Central order received successfully. CONTEXT: {"store_id":"site1","source_order_id":362774,"central_order_id":121,"request_id":"06196b83-8a6f-4b5f-a112-787abdf78334","event":"orderupdated"}
2026-08-31T16:46:54+00:00 INFO Central order received successfully. CONTEXT: {"store_id":"site1","source_order_id":362317,"central_order_id":122,"request_id":"bba72708-0d96-417e-9f70-81ccb9ab112c","event":"orderupdated"}
2026-08-31T16:50:05+00:00 INFO Central order received successfully. CONTEXT: {"store_id":"site1","source_order_id":366970,"central_order_id":123,"request_id":"89f468bb-c557-4294-acef-a3ddf09a5a79","event":"orderupdated"}
2026-08-31T16:53:26+00:00 INFO Central order received successfully. CONTEXT: {"store_id":"site1","source_order_id":366927,"central_order_id":92,"request_id":"46388169-1b97-4bf3-ba4e-edfc5e81ebaf","event":"orderupdated"}
2026-08-31T16:53:34+00:00 INFO Central order received successfully. CONTEXT: {"store_id":"site1","source_order_id":366957,"central_order_id":111,"request_id":"cec5a016-fa75-4c3c-a4b4-0332768d8880","event":"orderupdated"}
2026-08-31T16:58:05+00:00 INFO Central order received successfully. CONTEXT: {"store_id":"site1","source_order_id":366973,"central_order_id":124,"request_id":"b3289d33-573f-4805-ba8a-1b38fa837f0b","event":"orderupdated"}
2026-08-31T17:13:38+00:00 INFO Central order received successfully. CONTEXT: {"store_id":"site1","source_order_id":366981,"central_order_id":125,"request_id":"f5c10caf-ea35-4965-b1d3-f9942b9c7909","event":"orderupdated"}
2026-08-31T17:14:46+00:00 INFO Central order received successfully. CONTEXT: {"store_id":"site1","source_order_id":366981,"central_order_id":125,"request_id":"4590573f-a18d-4848-9315-56ad9f8c8a43","event":"orderupdated"}
2026-08-31T17:14:52+00:00 INFO Central order received successfully. CONTEXT: {"store_id":"site1","source_order_id":366981,"central_order_id":125,"request_id":"b66e82a5-acea-48ba-bca8-5c6730a93e1b","event":"orderupdated"}
2026-08-31T17:15:00+00:00 INFO Central order received successfully. CONTEXT: {"store_id":"site1","source_order_id":366981,"central_order_id":125,"request_id":"49dea120-1870-4ab0-9840-4250cc7054b7","event":"orderupdated"}
2026-08-31T17:23:14+00:00 INFO Central order received successfully. CONTEXT: {"store_id":"site1","source_order_id":366959,"central_order_id":113,"request_id":"42b70dd9-8ab7-429b-9305-c426c5aea0d8","event":"orderupdated"}
2026-08-31T17:25:54+00:00 INFO Central order received successfully. CONTEXT: {"store_id":"site1","source_order_id":366983,"central_order_id":126,"request_id":"af8f6b1f-ab6e-460e-9481-90860d85cfe9","event":"orderupdated"}
2026-08-31T17:26:58+00:00 INFO Central order received successfully. CONTEXT: {"store_id":"site1","source_order_id":366985,"central_order_id":127,"request_id":"68f3e101-5ddc-4e6d-95e5-b7ad8059b16f","event":"orderupdated"}
2026-08-31T17:27:08+00:00 INFO Central order received successfully. CONTEXT: {"store_id":"site1","source_order_id":366984,"central_order_id":128,"request_id":"e6811625-38cb-4267-8794-ebd9bb8962c0","event":"orderupdated"}
2026-08-31T17:29:10+00:00 INFO Central order received successfully. CONTEXT: {"store_id":"site1","source_order_id":366983,"central_order_id":126,"request_id":"c0ac2367-706f-4fb8-b12f-6076b05c3b00","event":"orderupdated"}
2026-08-31T17:34:23+00:00 INFO Central order received successfully. CONTEXT: {"store_id":"site1","source_order_id":366991,"central_order_id":129,"request_id":"5a48266f-1501-4835-80de-1040c4859fa5","event":"orderupdated"}
2026-08-31T17:35:30+00:00 INFO Central order received successfully. CONTEXT: {"store_id":"site1","source_order_id":363494,"central_order_id":130,"request_id":"43716858-75e3-4609-8ec3-01be8773af38","event":"orderupdated"}
2026-08-31T17:37:10+00:00 INFO Central order received successfully. CONTEXT: {"store_id":"site1","source_order_id":363965,"central_order_id":131,"request_id":"c0e8e69a-8438-44b1-b55a-8eb1099c79c9","event":"orderupdated"}
2026-08-31T17:39:47+00:00 INFO Central order received successfully. CONTEXT: {"store_id":"site1","source_order_id":363243,"central_order_id":132,"request_id":"7e41b93b-5011-451b-a6cb-47e46d90759f","event":"orderupdated"}
2026-08-31T17:40:08+00:00 INFO Central order received successfully. CONTEXT: {"store_id":"site1","source_order_id":363272,"central_order_id":133,"request_id":"da58c511-9aec-4630-8055-bc442018f7e7","event":"orderupdated"}
2026-08-31T17:40:27+00:00 INFO Central order received successfully. CONTEXT: {"store_id":"site1","source_order_id":363589,"central_order_id":134,"request_id":"fe610733-3088-4288-abf0-8cd6634c1412","event":"orderupdated"}
2026-08-31T17:40:35+00:00 INFO Central order received successfully. CONTEXT: {"store_id":"site1","source_order_id":363589,"central_order_id":134,"request_id":"1d4532a3-2f1f-4aa3-b063-578b69d1a972","event":"orderupdated"}
2026-08-31T17:42:10+00:00 INFO Central order received successfully. CONTEXT: {"store_id":"site1","source_order_id":363470,"central_order_id":135,"request_id":"dadd450c-1fc3-4085-b563-b69ce61bd14e","event":"orderupdated"}
2026-08-31T17:43:48+00:00 INFO Central order received successfully. CONTEXT: {"store_id":"site1","source_order_id":366991,"central_order_id":129,"request_id":"22d023d6-8296-4b52-bacc-07d9a93fceb2","event":"orderupdated"}
2026-08-31T17:46:02+00:00 INFO Central order received successfully. CONTEXT: {"store_id":"site1","source_order_id":367003,"central_order_id":136,"request_id":"76e1cf7b-bea7-436f-9a3b-fbc21d72fb18","event":"orderupdated"}
2026-08-31T17:48:01+00:00 INFO Central order received successfully. CONTEXT: {"store_id":"site1","source_order_id":367005,"central_order_id":137,"request_id":"239b0ca0-d4fb-4d4d-abfa-7e59f19f459c","event":"orderupdated"}
2026-08-31T17:48:04+00:00 INFO Central order received successfully. CONTEXT: {"store_id":"site1","source_order_id":367005,"central_order_id":137,"request_id":"025e7f4f-7834-4a71-949f-aab196494dbe","event":"orderupdated"}
2026-08-31T17:48:21+00:00 INFO Central order received successfully. CONTEXT: {"store_id":"site1","source_order_id":367005,"central_order_id":137,"request_id":"86d0bc86-bd9b-4c5e-bbf9-6db3a5d9f04b","event":"orderupdated"}
2026-08-31T17:48:29+00:00 INFO Central order received successfully. CONTEXT: {"store_id":"site1","source_order_id":367005,"central_order_id":137,"request_id":"bab3c4b7-f0ac-48c1-b098-ad7a00dc09a2","event":"orderupdated"}
2026-08-31T17:50:06+00:00 INFO Central order received successfully. CONTEXT: {"store_id":"site1","source_order_id":367004,"central_order_id":138,"request_id":"25b46adf-c4de-40d4-93ea-e915ebbfda63","event":"orderupdated"}
2026-08-31T17:51:31+00:00 INFO Central order received successfully. CONTEXT: {"store_id":"site1","source_order_id":367008,"central_order_id":139,"request_id":"9c6c2c3e-3967-4533-b71f-45d294791416","event":"orderupdated"}
2026-08-31T17:52:37+00:00 INFO Central order received successfully. CONTEXT: {"store_id":"site1","source_order_id":367009,"central_order_id":140,"request_id":"e41706eb-f5e9-4ecc-b136-e9501bbf5b1e","event":"orderupdated"}
2026-08-31T17:54:03+00:00 INFO Central order received successfully. CONTEXT: {"store_id":"site1","source_order_id":366927,"central_order_id":92,"request_id":"b4cda232-d7c7-4774-b933-e8f7ba6480d0","event":"orderupdated"}
2026-08-31T17:57:06+00:00 INFO Central order received successfully. CONTEXT: {"store_id":"site1","source_order_id":367008,"central_order_id":139,"request_id":"3e1e20cb-3ba2-4c2f-9e32-c04e0e1eda1e","event":"orderupdated"}
2026-08-31T17:57:17+00:00 INFO Central order received successfully. CONTEXT: {"store_id":"site1","source_order_id":367010,"central_order_id":141,"request_id":"26428c61-5b48-4151-b0de-f805e0e075ee","event":"orderupdated"}
2026-08-31T17:59:32+00:00 INFO Central order received successfully. CONTEXT: {"store_id":"site1","source_order_id":367011,"central_order_id":142,"request_id":"d7c23641-95ad-4759-a1b8-c4b12082ca7b","event":"orderupdated"}
2026-08-31T18:03:58+00:00 INFO Central order received successfully. CONTEXT: {"store_id":"site1","source_order_id":367005,"central_order_id":137,"request_id":"2255c675-8d40-4746-83d7-ef6fdf58b4d0","event":"orderupdated"}
2026-08-31T18:07:05+00:00 INFO Central order received successfully. CONTEXT: {"store_id":"site1","source_order_id":367005,"central_order_id":137,"request_id":"5ab63175-2b19-4708-9d5d-dc173fb94177","event":"orderupdated"}
2026-08-31T18:09:35+00:00 INFO Central order received successfully. CONTEXT: {"store_id":"site1","source_order_id":367005,"central_order_id":137,"request_id":"2be15f20-cb35-4069-b183-e6f344300de8","event":"orderupdated"}
2026-08-31T18:23:55+00:00 INFO Central order received successfully. CONTEXT: {"store_id":"site1","source_order_id":366970,"central_order_id":123,"request_id":"ab2808d5-ccbe-47a6-8c5a-5dced2ad1540","event":"orderupdated"}
2026-08-31T18:24:04+00:00 INFO Central order received successfully. CONTEXT: {"store_id":"site1","source_order_id":367017,"central_order_id":143,"request_id":"0276d4f2-6623-4a99-abf9-2f2d6e602941","event":"orderupdated"}
2026-08-31T18:24:12+00:00 INFO Central order received successfully. CONTEXT: {"store_id":"site1","source_order_id":367017,"central_order_id":143,"request_id":"1074bda1-f901-43c4-b5c5-3fec0e169cf1","event":"orderupdated"}
2026-08-31T18:25:55+00:00 INFO Central order received successfully. CONTEXT: {"store_id":"site1","source_order_id":367017,"central_order_id":143,"request_id":"682afd53-d75e-479f-81c0-646ac2d4e8ce","event":"orderupdated"}
2026-08-31T18:29:27+00:00 INFO Central order received successfully. CONTEXT: {"store_id":"site1","source_order_id":367020,"central_order_id":144,"request_id":"bdecf672-0cd7-44bf-b924-3023bda078a0","event":"orderupdated"}
2026-08-31T18:29:35+00:00 INFO Central order received successfully. CONTEXT: {"store_id":"site1","source_order_id":367020,"central_order_id":144,"request_id":"33b398cf-64b6-45be-81cf-a65df6f72773","event":"orderupdated"}
2026-08-31T18:30:35+00:00 INFO Central order received successfully. CONTEXT: {"store_id":"site1","source_order_id":367021,"central_order_id":145,"request_id":"c5d375cd-c9c1-4ff8-87d7-43127fe14d9e","event":"orderupdated"}
2026-08-31T18:30:43+00:00 INFO Central order received successfully. CONTEXT: {"store_id":"site1","source_order_id":367021,"central_order_id":145,"request_id":"1a598f55-f42b-4fd9-9da6-a7a35cd6f6dd","event":"orderupdated"}
2026-08-31T18:32:04+00:00 INFO Central order received successfully. CONTEXT: {"store_id":"site1","source_order_id":367021,"central_order_id":145,"request_id":"f1bffa1d-7af0-47ec-b7f6-c193f51ab7db","event":"orderupdated"}
2026-08-31T18:38:05+00:00 INFO Central order received successfully. CONTEXT: {"store_id":"site1","source_order_id":367022,"central_order_id":146,"request_id":"1cbc9b97-335f-4006-9920-331f1a369107","event":"orderupdated"}
2026-08-31T18:54:32+00:00 INFO Central order received successfully. CONTEXT: {"store_id":"site1","source_order_id":366970,"central_order_id":123,"request_id":"4c57a345-2295-4536-9a52-71fd20d347d5","event":"orderupdated"}
2026-08-31T19:11:54+00:00 INFO Central order received successfully. CONTEXT: {"store_id":"site1","source_order_id":367027,"central_order_id":147,"request_id":"13727c8a-aae9-4c02-b8e4-32b80df4ccf5","event":"orderupdated"}
2026-08-31T19:15:05+00:00 INFO Central order received successfully. CONTEXT: {"store_id":"site1","source_order_id":367027,"central_order_id":147,"request_id":"ab141e73-6244-4b0d-8d7f-57f40c28abdc","event":"orderupdated"}
2026-08-31T19:16:05+00:00 INFO Central order received successfully. CONTEXT: {"store_id":"site1","source_order_id":367027,"central_order_id":147,"request_id":"8dcc1b34-9fb2-42d6-b946-1033e55d6384","event":"orderupdated"}
2026-08-31T19:16:19+00:00 INFO Central order received successfully. CONTEXT: {"store_id":"site1","source_order_id":367028,"central_order_id":148,"request_id":"f236be01-6e44-4dce-86ec-168fc56320a0","event":"orderupdated"}
2026-08-31T19:16:29+00:00 INFO Central order received successfully. CONTEXT: {"store_id":"site1","source_order_id":367028,"central_order_id":148,"request_id":"636ce4f7-315a-4834-8fb7-d5e3c58a3d7e","event":"orderupdated"}
2026-08-31T19:16:37+00:00 INFO Central order received successfully. CONTEXT: {"store_id":"site1","source_order_id":367028,"central_order_id":148,"request_id":"22b901dd-f32f-4507-98a9-9a26b9ceb965","event":"orderupdated"}
2026-08-31T19:16:44+00:00 INFO Central order received successfully. CONTEXT: {"store_id":"site1","source_order_id":367028,"central_order_id":148,"request_id":"e84c1c50-d0f3-46cb-a9a1-2010771a256d","event":"orderupdated"}
2026-08-31T19:20:05+00:00 INFO Central order received successfully. CONTEXT: {"store_id":"site1","source_order_id":367031,"central_order_id":149,"request_id":"df1441bd-d29e-47c5-8118-742374dd4f27","event":"orderupdated"}
2026-08-31T19:24:06+00:00 INFO Central order received successfully. CONTEXT: {"store_id":"site1","source_order_id":367031,"central_order_id":149,"request_id":"6b1a10b7-7602-4dc3-87d9-41e2b6517abe","event":"orderupdated"}
2026-08-31T19:24:40+00:00 INFO Central order received successfully. CONTEXT: {"store_id":"site1","source_order_id":366994,"central_order_id":150,"request_id":"5ca3c282-9d35-4951-9441-ee25e2a3a2a4","event":"orderupdated"}
2026-08-31T19:40:05+00:00 INFO Central order received successfully. CONTEXT: {"store_id":"site1","source_order_id":367032,"central_order_id":151,"request_id":"2611c5b7-a7d1-4f1c-8832-151835508c1a","event":"orderupdated"}
2026-08-31T19:43:10+00:00 INFO Central order received successfully. CONTEXT: {"store_id":"site1","source_order_id":367032,"central_order_id":151,"request_id":"032299ca-dea1-4cd4-a86e-45af110f00f6","event":"orderupdated"}
2026-08-31T19:43:19+00:00 INFO Central order received successfully. CONTEXT: {"store_id":"site1","source_order_id":367032,"central_order_id":151,"request_id":"62961b9b-8ea0-4cef-9af3-3a973681de20","event":"orderupdated"}
2026-08-31T19:50:05+00:00 INFO Central order received successfully. CONTEXT: {"store_id":"site1","source_order_id":367033,"central_order_id":152,"request_id":"bee93c0b-9214-4575-91f4-15210fb7aa8d","event":"orderupdated"}
2026-08-31T19:55:15+00:00 INFO Central order received successfully. CONTEXT: {"store_id":"site1","source_order_id":367004,"central_order_id":138,"request_id":"a10ae385-2ea6-4c9c-b2e3-a0169c068d40","event":"orderupdated"}
2026-08-31T19:55:27+00:00 INFO Central order received successfully. CONTEXT: {"store_id":"site1","source_order_id":367017,"central_order_id":143,"request_id":"bdfadb04-fd29-4760-853f-ef074cfbac46","event":"orderupdated"}
2026-08-31T19:55:40+00:00 INFO Central order received successfully. CONTEXT: {"store_id":"site1","source_order_id":367031,"central_order_id":149,"request_id":"68bd7183-807e-4858-831f-03b73d54aad6","event":"orderupdated"}
2026-08-31T19:58:22+00:00 INFO Central order received successfully. CONTEXT: {"store_id":"site1","source_order_id":367033,"central_order_id":152,"request_id":"d364bec1-896b-4678-8517-fc3348503741","event":"orderupdated"}
2026-08-31T20:00:29+00:00 INFO Central order received successfully. CONTEXT: {"store_id":"site1","source_order_id":367034,"central_order_id":153,"request_id":"2f2691f9-dcea-42cc-a049-3105e536a0d4","event":"orderupdated"}
2026-08-31T20:02:01+00:00 INFO Central order received successfully. CONTEXT: {"store_id":"site1","source_order_id":367034,"central_order_id":153,"request_id":"b18b722d-50c5-465c-947d-f2ed7e5ea2d9","event":"orderupdated"}
2026-08-31T20:02:08+00:00 INFO Central order received successfully. CONTEXT: {"store_id":"site1","source_order_id":367034,"central_order_id":153,"request_id":"a5e05d65-6899-4813-9fbf-d77eeb8a4d8f","event":"orderupdated"}
2026-08-31T20:02:15+00:00 INFO Central order received successfully. CONTEXT: {"store_id":"site1","source_order_id":367034,"central_order_id":153,"request_id":"bf0b9916-5f89-447d-8626-82eb637b29b1","event":"orderupdated"}
2026-08-31T20:02:18+00:00 INFO Central order received successfully. CONTEXT: {"store_id":"site1","source_order_id":367033,"central_order_id":152,"request_id":"4d9e740e-dea1-43eb-8edc-2640adb417a6","event":"orderupdated"}
2026-08-31T20:02:25+00:00 INFO Central order received successfully. CONTEXT: {"store_id":"site1","source_order_id":367033,"central_order_id":152,"request_id":"f0ed227e-49cd-47e7-9c00-b697d7834b0e","event":"orderupdated"}
2026-08-31T20:02:33+00:00 INFO Central order received successfully. CONTEXT: {"store_id":"site1","source_order_id":367033,"central_order_id":152,"request_id":"867c1f6c-6650-4e7b-8faa-07ea96a4e990","event":"orderupdated"}
2026-08-31T20:04:06+00:00 INFO Central order received successfully. CONTEXT: {"store_id":"site1","source_order_id":367035,"central_order_id":154,"request_id":"95a1ff0f-754a-4219-afd6-f186379d6780","event":"orderupdated"}
2026-08-31T20:04:06+00:00 INFO Central order received successfully. CONTEXT: {"store_id":"site1","source_order_id":367036,"central_order_id":155,"request_id":"0b4bbdf2-0cad-4529-8132-d50f2cc3518d","event":"orderupdated"}
2026-08-31T20:04:19+00:00 INFO Central order received successfully. CONTEXT: {"store_id":"site1","source_order_id":367036,"central_order_id":155,"request_id":"6fdcbaca-b5ec-4d5a-a1ec-dde5167d09e8","event":"orderupdated"}
2026-08-31T20:04:34+00:00 INFO Central order received successfully. CONTEXT: {"store_id":"site1","source_order_id":367033,"central_order_id":152,"request_id":"439c63f1-ecb5-43c4-b7cb-aa49aa699c5a","event":"orderupdated"}
2026-08-31T20:05:09+00:00 INFO Central order received successfully. CONTEXT: {"store_id":"site1","source_order_id":367035,"central_order_id":154,"request_id":"02161c73-b01e-46c8-8a95-abdae4005f06","event":"orderupdated"}
2026-08-31T20:05:14+00:00 INFO Central order received successfully. CONTEXT: {"store_id":"site1","source_order_id":367035,"central_order_id":154,"request_id":"2f81424b-8a3b-4bba-92af-66e132573fe3","event":"orderupdated"}
2026-08-31T20:05:33+00:00 INFO Central order received successfully. CONTEXT: {"store_id":"site1","source_order_id":367035,"central_order_id":154,"request_id":"4f116347-7f9c-4ddd-82e8-49d697c7094c","event":"orderupdated"}
2026-08-31T20:11:05+00:00 INFO Central order received successfully. CONTEXT: {"store_id":"site1","source_order_id":367037,"central_order_id":156,"request_id":"dc319304-b7ca-40ac-abe0-8aae7ec054ac","event":"orderupdated"}
2026-08-31T20:12:05+00:00 INFO Central order received successfully. CONTEXT: {"store_id":"site1","source_order_id":367038,"central_order_id":157,"request_id":"d2e0a367-a4aa-4f40-b4ec-94968e31368a","event":"orderupdated"}
2026-08-31T20:13:05+00:00 INFO Central order received successfully. CONTEXT: {"store_id":"site1","source_order_id":367038,"central_order_id":157,"request_id":"e7ae3231-75e1-46eb-8c2d-d0130f668f82","event":"orderupdated"}
2026-08-31T20:14:09+00:00 INFO Central order received successfully. CONTEXT: {"store_id":"site1","source_order_id":367038,"central_order_id":157,"request_id":"1f27ff98-b24e-43cd-94ac-9a073162ae87","event":"orderupdated"}
2026-08-31T20:14:20+00:00 INFO Central order received successfully. CONTEXT: {"store_id":"site1","source_order_id":367037,"central_order_id":156,"request_id":"64baa9cc-e2db-4eaa-af4b-8cae54596b76","event":"orderupdated"}
2026-08-31T20:20:05+00:00 INFO Central order received successfully. CONTEXT: {"store_id":"site1","source_order_id":367039,"central_order_id":158,"request_id":"e487cf75-334b-41db-a11f-2ff39a065f6e","event":"orderupdated"}
2026-08-31T20:24:05+00:00 INFO Central order received successfully. CONTEXT: {"store_id":"site1","source_order_id":367040,"central_order_id":159,"request_id":"6f16b625-780c-4ceb-bde2-8dea4f08f722","event":"orderupdated"}
2026-08-31T20:25:59+00:00 INFO Central order received successfully. CONTEXT: {"store_id":"site1","source_order_id":367040,"central_order_id":159,"request_id":"b5c19b39-e646-4255-b2fa-048652141d31","event":"orderupdated"}
2026-08-31T20:27:04+00:00 INFO Central order received successfully. CONTEXT: {"store_id":"site1","source_order_id":367041,"central_order_id":160,"request_id":"198e883b-814d-4b4a-a95f-ba0ebdedd303","event":"orderupdated"}
2026-08-31T20:28:42+00:00 INFO Central order received successfully. CONTEXT: {"store_id":"site1","source_order_id":367041,"central_order_id":160,"request_id":"1ff1c99f-7798-4d60-8782-4b1694a7247f","event":"orderupdated"}
2026-08-31T20:55:42+00:00 INFO Central order received successfully. CONTEXT: {"store_id":"site1","source_order_id":367027,"central_order_id":147,"request_id":"4944e28d-d6be-4fc4-aa36-65e9da2ebca8","event":"orderupdated"}
2026-08-31T20:58:05+00:00 INFO Central order received successfully. CONTEXT: {"store_id":"site1","source_order_id":367042,"central_order_id":161,"request_id":"2337a955-e8b3-415e-9eca-3759ac8356c7","event":"orderupdated"}
2026-08-31T21:01:55+00:00 INFO Central order received successfully. CONTEXT: {"store_id":"site1","source_order_id":367043,"central_order_id":162,"request_id":"f377f628-3f5a-4fed-981f-daf11d6f0e9a","event":"orderupdated"}
2026-08-31T21:12:45+00:00 INFO Central order received successfully. CONTEXT: {"store_id":"site1","source_order_id":367044,"central_order_id":163,"request_id":"61f9c70e-5a46-474b-8ddd-1b38579dc122","event":"orderupdated"}
2026-08-31T21:13:03+00:00 INFO Central order received successfully. CONTEXT: {"store_id":"site1","source_order_id":367044,"central_order_id":163,"request_id":"2cbfe793-c0b1-4b13-a4e9-bc0527795280","event":"orderupdated"}
2026-08-31T21:19:05+00:00 INFO Central order received successfully. CONTEXT: {"store_id":"site1","source_order_id":367044,"central_order_id":163,"request_id":"eb4900aa-6502-40de-82f6-c87e6230f22c","event":"orderupdated"}
2026-08-31T21:20:04+00:00 INFO Central order received successfully. CONTEXT: {"store_id":"site1","source_order_id":367045,"central_order_id":164,"request_id":"52326f60-bfaa-43fa-8055-8261a84c2b3e","event":"orderupdated"}
2026-08-31T21:21:01+00:00 INFO Central order received successfully. CONTEXT: {"store_id":"site1","source_order_id":367046,"central_order_id":165,"request_id":"1adada04-0c7b-406f-9152-a58baedff409","event":"orderupdated"}
2026-08-31T21:22:02+00:00 INFO Central order received successfully. CONTEXT: {"store_id":"site1","source_order_id":367047,"central_order_id":166,"request_id":"565b613c-ead1-4ee6-ad58-9eec64758307","event":"orderupdated"}
2026-08-31T21:24:10+00:00 INFO Central order received successfully. CONTEXT: {"store_id":"site1","source_order_id":367047,"central_order_id":166,"request_id":"1f1fd326-5256-49fb-97f7-a7baebd740f5","event":"orderupdated"}
2026-08-31T21:24:40+00:00 INFO Central order received successfully. CONTEXT: {"store_id":"site1","source_order_id":367046,"central_order_id":165,"request_id":"80b01dd1-98fe-45e2-a0e1-9ee368350b4b","event":"orderupdated"}
2026-08-31T21:28:06+00:00 INFO Central order received successfully. CONTEXT: {"store_id":"site1","source_order_id":367048,"central_order_id":167,"request_id":"e2cf8b16-c3b9-4178-b948-379bc0ff9ff9","event":"orderupdated"}
2026-08-31T21:29:43+00:00 INFO Central order received successfully. CONTEXT: {"store_id":"site1","source_order_id":367049,"central_order_id":168,"request_id":"6a9e065c-7273-440e-a612-14d86f199269","event":"orderupdated"}
2026-08-31T21:30:09+00:00 INFO Central order received successfully. CONTEXT: {"store_id":"site1","source_order_id":367048,"central_order_id":167,"request_id":"b5fb49ce-2f33-4228-a98a-be20a6cf5c3a","event":"orderupdated"}
2026-08-31T21:31:03+00:00 INFO Central order received successfully. CONTEXT: {"store_id":"site1","source_order_id":367048,"central_order_id":167,"request_id":"dc6631ee-15df-4666-8056-927cc34f73d1","event":"orderupdated"}
2026-08-31T21:32:09+00:00 INFO Central order received successfully. CONTEXT: {"store_id":"site1","source_order_id":367049,"central_order_id":168,"request_id":"1008bcdf-9151-40cf-a671-065c3f4b71b8","event":"orderupdated"}
2026-08-31T21:37:58+00:00 INFO Central order received successfully. CONTEXT: {"store_id":"site1","source_order_id":367051,"central_order_id":169,"request_id":"6465133b-3b03-4c37-9914-993a0d2dbdb8","event":"orderupdated"}
2026-08-31T21:39:09+00:00 INFO Central order received successfully. CONTEXT: {"store_id":"site1","source_order_id":367051,"central_order_id":169,"request_id":"6e63ac90-5da5-44c4-b2e9-4e76cab7645a","event":"orderupdated"}
2026-08-31T21:39:13+00:00 INFO Central order received successfully. CONTEXT: {"store_id":"site1","source_order_id":367051,"central_order_id":169,"request_id":"d57e8052-30da-4f7d-99ea-7ddc294dc702","event":"orderupdated"}
2026-08-31T21:55:18+00:00 INFO Central order received successfully. CONTEXT: {"store_id":"site1","source_order_id":367036,"central_order_id":155,"request_id":"a36c2445-2821-4f1d-8e75-87b2b5946b1f","event":"orderupdated"}
2026-08-31T21:55:30+00:00 INFO Central order received successfully. CONTEXT: {"store_id":"site1","source_order_id":367045,"central_order_id":164,"request_id":"8fb22b4c-2b42-46fd-943d-8067cacd022b","event":"orderupdated"}
2026-08-31T21:57:04+00:00 INFO Central order received successfully. CONTEXT: {"store_id":"site1","source_order_id":367052,"central_order_id":170,"request_id":"c61b3364-b88a-48d7-ab84-a586ad95d537","event":"orderupdated"}
2026-08-31T21:59:01+00:00 INFO Central order received successfully. CONTEXT: {"store_id":"site1","source_order_id":367053,"central_order_id":171,"request_id":"f7cc7096-49b2-48d3-8409-bf77cc0d5b69","event":"orderupdated"}
2026-08-31T22:00:04+00:00 INFO Central order received successfully. CONTEXT: {"store_id":"site1","source_order_id":367054,"central_order_id":172,"request_id":"8df5a3ad-d281-4a22-92b0-2b0aeb0e6ef5","event":"orderupdated"}
2026-08-31T22:00:40+00:00 INFO Central order received successfully. CONTEXT: {"store_id":"site1","source_order_id":367054,"central_order_id":172,"request_id":"544cc880-548e-4eb2-8726-4a4b2e94ddb6","event":"orderupdated"}
2026-08-31T22:07:55+00:00 INFO Central order received successfully. CONTEXT: {"store_id":"site1","source_order_id":367055,"central_order_id":173,"request_id":"db1ecb1f-c31c-484a-8ae5-74a159ffb951","event":"orderupdated"}
2026-08-31T22:08:03+00:00 INFO Central order received successfully. CONTEXT: {"store_id":"site1","source_order_id":367053,"central_order_id":171,"request_id":"61285c5e-e0f1-46e9-b867-7373e10cd966","event":"orderupdated"}
2026-08-31T22:08:11+00:00 INFO Central order received successfully. CONTEXT: {"store_id":"site1","source_order_id":367053,"central_order_id":171,"request_id":"7de9eb1d-2141-4625-a7a7-3666ca037c14","event":"orderupdated"}
2026-08-31T22:09:04+00:00 INFO Central order received successfully. CONTEXT: {"store_id":"site1","source_order_id":367056,"central_order_id":174,"request_id":"47c9f4d2-f887-4f67-9b17-03ae5be292dc","event":"orderupdated"}
2026-08-31T22:10:29+00:00 INFO Central order received successfully. CONTEXT: {"store_id":"site1","source_order_id":367056,"central_order_id":174,"request_id":"44883828-e95b-4028-a50f-b847073abf23","event":"orderupdated"}
2026-08-31T22:10:33+00:00 INFO Central order received successfully. CONTEXT: {"store_id":"site1","source_order_id":367056,"central_order_id":174,"request_id":"35acc048-e1ac-40af-ba40-86b8e60572d5","event":"orderupdated"}
2026-08-31T22:12:05+00:00 INFO Central order received successfully. CONTEXT: {"store_id":"site1","source_order_id":367057,"central_order_id":175,"request_id":"cf07bda1-36b6-4894-8d47-ddb7b1260355","event":"orderupdated"}
2026-08-31T22:21:46+00:00 INFO Central order received successfully. CONTEXT: {"store_id":"site1","source_order_id":367058,"central_order_id":176,"request_id":"836bb8aa-c89c-4d7e-888c-a7b9c0fd0239","event":"orderupdated"}
2026-08-31T22:24:45+00:00 INFO Central order received successfully. CONTEXT: {"store_id":"site1","source_order_id":367059,"central_order_id":177,"request_id":"67ec84c3-cb3c-43fc-ac44-9ca86f1dbba4","event":"orderupdated"}
2026-08-31T22:26:09+00:00 INFO Central order received successfully. CONTEXT: {"store_id":"site1","source_order_id":367042,"central_order_id":161,"request_id":"4bae5a7f-2c73-49d2-ae59-9981dbdf55ac","event":"orderupdated"}
2026-08-31T22:26:26+00:00 INFO Central order received successfully. CONTEXT: {"store_id":"site1","source_order_id":367044,"central_order_id":163,"request_id":"3517db5c-3571-4254-b51d-8b92a7d08527","event":"orderupdated"}
2026-08-31T22:26:39+00:00 INFO Central order received successfully. CONTEXT: {"store_id":"site1","source_order_id":367059,"central_order_id":177,"request_id":"2876d604-d77d-4541-ab4d-53c453506d2f","event":"orderupdated"}
2026-08-31T22:26:48+00:00 INFO Central order received successfully. CONTEXT: {"store_id":"site1","source_order_id":367059,"central_order_id":177,"request_id":"b3e67068-83e7-4545-a1e6-42b8d7bf7388","event":"orderupdated"}
2026-08-31T22:26:56+00:00 INFO Central order received successfully. CONTEXT: {"store_id":"site1","source_order_id":367059,"central_order_id":177,"request_id":"639b93ff-c659-4a6d-b705-e38f1786b269","event":"orderupdated"}
2026-08-31T22:29:05+00:00 INFO Central order received successfully. CONTEXT: {"store_id":"site1","source_order_id":367060,"central_order_id":178,"request_id":"d99252f1-3905-4b1a-ac7f-cfbc18c22a74","event":"orderupdated"}
2026-08-31T22:31:10+00:00 INFO Central order received successfully. CONTEXT: {"store_id":"site1","source_order_id":367060,"central_order_id":178,"request_id":"bafc72b2-ec00-4924-a471-fdfcf5a09e93","event":"orderupdated"}
2026-08-31T22:31:47+00:00 INFO Central order received successfully. CONTEXT: {"store_id":"site1","source_order_id":367060,"central_order_id":178,"request_id":"18736cbe-5c4c-4ffc-9aeb-30eec82447a2","event":"orderupdated"}
2026-08-31T22:37:05+00:00 INFO Central order received successfully. CONTEXT: {"store_id":"site1","source_order_id":367061,"central_order_id":179,"request_id":"53002b64-e936-45e0-8af5-7d7b10235551","event":"orderupdated"}
2026-08-31T22:37:38+00:00 INFO Central order received successfully. CONTEXT: {"store_id":"site1","source_order_id":367061,"central_order_id":179,"request_id":"0bece92d-08d3-4e03-856e-0800dba706c6","event":"orderupdated"}
2026-08-31T22:39:10+00:00 INFO Central order received successfully. CONTEXT: {"store_id":"site1","source_order_id":367061,"central_order_id":179,"request_id":"e5f925d3-3edc-411b-a38b-5d21f6fe81ad","event":"orderupdated"}
2026-08-31T22:40:06+00:00 INFO Central order received successfully. CONTEXT: {"store_id":"site1","source_order_id":367061,"central_order_id":179,"request_id":"1c7a140a-9bb2-4d6a-a98b-2bd3e4ea546e","event":"orderupdated"}
2026-08-31T22:57:11+00:00 INFO Central order received successfully. CONTEXT: {"store_id":"site1","source_order_id":367052,"central_order_id":170,"request_id":"94e7977d-b61b-4e45-9e2e-0f0f98d08b0b","event":"orderupdated"}
2026-08-31T23:06:05+00:00 INFO Central order received successfully. CONTEXT: {"store_id":"site1","source_order_id":367062,"central_order_id":180,"request_id":"1f022ec4-9054-491a-bb9d-abc44e59d9f8","event":"orderupdated"}
2026-08-31T23:06:49+00:00 INFO Central order received successfully. CONTEXT: {"store_id":"site1","source_order_id":367062,"central_order_id":180,"request_id":"df535b17-ce6e-43dd-98ad-b1b4da7eefb1","event":"orderupdated"}
2026-08-31T23:08:09+00:00 INFO Central order received successfully. CONTEXT: {"store_id":"site1","source_order_id":367062,"central_order_id":180,"request_id":"ebfdcd50-73e5-4857-81b8-fd34e75f93ea","event":"orderupdated"}
2026-08-31T23:09:04+00:00 INFO Central order received successfully. CONTEXT: {"store_id":"site1","source_order_id":367063,"central_order_id":181,"request_id":"6b0d4d11-4084-4d5f-bf93-27b740732745","event":"orderupdated"}
2026-08-31T23:14:04+00:00 INFO Central order received successfully. CONTEXT: {"store_id":"site1","source_order_id":367064,"central_order_id":182,"request_id":"551bb765-d97b-4dbf-939d-409bc4510abe","event":"orderupdated"}
2026-08-31T23:15:04+00:00 INFO Central order received successfully. CONTEXT: {"store_id":"site1","source_order_id":367065,"central_order_id":183,"request_id":"6e1751b4-4e73-40d9-92f6-6e3846988588","event":"orderupdated"}
2026-08-31T23:15:15+00:00 INFO Central order received successfully. CONTEXT: {"store_id":"site1","source_order_id":367065,"central_order_id":183,"request_id":"0f55656d-5a10-436a-bc51-f6e907c889d4","event":"orderupdated"}
2026-08-31T23:16:09+00:00 INFO Central order received successfully. CONTEXT: {"store_id":"site1","source_order_id":367064,"central_order_id":182,"request_id":"a6582b71-4f96-4515-baa1-3370950e6c1e","event":"orderupdated"}
2026-08-31T23:17:09+00:00 INFO Central order received successfully. CONTEXT: {"store_id":"site1","source_order_id":367064,"central_order_id":182,"request_id":"f969f0e9-eacc-4237-ad07-0ea37b19de07","event":"orderupdated"}
2026-08-31T23:22:45+00:00 INFO Central order received successfully. CONTEXT: {"store_id":"site1","source_order_id":367066,"central_order_id":184,"request_id":"9134dd45-676f-4843-b4bc-53bd53af4b6f","event":"orderupdated"}
2026-08-31T23:27:10+00:00 INFO Central order received successfully. CONTEXT: {"store_id":"site1","source_order_id":367050,"central_order_id":185,"request_id":"48001a33-a7d8-42ac-b883-27efbdff4faa","event":"orderupdated"}
2026-08-31T23:48:46+00:00 INFO Central order received successfully. CONTEXT: {"store_id":"site1","source_order_id":367067,"central_order_id":186,"request_id":"e7fe23ae-aecb-4340-9992-f5401cadc130","event":"orderupdated"}
2026-08-31T23:49:00+00:00 INFO Central order received successfully. CONTEXT: {"store_id":"site1","source_order_id":367067,"central_order_id":186,"request_id":"340ed904-b62a-4342-9962-fffcba11b824","event":"orderupdated"}
2026-08-31T23:58:06+00:00 INFO Central order received successfully. CONTEXT: {"store_id":"site1","source_order_id":367055,"central_order_id":173,"request_id":"8e4878fc-53dd-4678-9047-6e30428589b7","event":"orderupdated"}
