2026-09-18T00:49:10+00:00 INFO Central order received successfully. CONTEXT: {"store_id":"site1","source_order_id":401174,"central_order_id":20899,"request_id":"bcca9064-2b7b-431f-91bc-e15b3c192a51","event":"orderupdated"}
2026-09-18T00:50:46+00:00 INFO Central order received successfully. CONTEXT: {"store_id":"site1","source_order_id":401174,"central_order_id":20899,"request_id":"fe691498-fc77-4e44-a41b-a2074d539f8d","event":"orderupdated"}
2026-09-18T03:58:05+00:00 INFO Central order received successfully. CONTEXT: {"store_id":"site1","source_order_id":401175,"central_order_id":20900,"request_id":"bb73dcc4-e009-4194-aa3e-6abf50a49196","event":"orderupdated"}
2026-09-18T04:46:03+00:00 INFO Central order received successfully. CONTEXT: {"store_id":"site1","source_order_id":401176,"central_order_id":20901,"request_id":"39fc4d20-cab8-454c-afb5-a5f34b35256a","event":"orderupdated"}
2026-09-18T04:47:53+00:00 INFO Central order received successfully. CONTEXT: {"store_id":"site1","source_order_id":401176,"central_order_id":20901,"request_id":"82b107fd-ec95-4093-b0d3-a987cddb697e","event":"orderupdated"}
2026-09-18T04:55:17+00:00 INFO Central order received successfully. CONTEXT: {"store_id":"site1","source_order_id":401175,"central_order_id":20900,"request_id":"e930911c-3392-408b-a435-9a3a5498c2d2","event":"orderupdated"}
2026-09-18T05:20:18+00:00 INFO Central order received successfully. CONTEXT: {"store_id":"site1","source_order_id":401177,"central_order_id":20902,"request_id":"c3a33758-c66b-4082-9d7f-1f18caaffada","event":"orderupdated"}
2026-09-18T05:22:55+00:00 INFO Central order received successfully. CONTEXT: {"store_id":"site1","source_order_id":401177,"central_order_id":20902,"request_id":"17eac3cc-34d7-4ed4-b895-ad1ac71efdee","event":"orderupdated"}
2026-09-18T05:27:18+00:00 INFO Central order received successfully. CONTEXT: {"store_id":"site1","source_order_id":401178,"central_order_id":20903,"request_id":"5b2cf585-7574-408f-8e8c-78e32867808f","event":"orderupdated"}
2026-09-18T05:29:38+00:00 INFO Central order received successfully. CONTEXT: {"store_id":"site1","source_order_id":401179,"central_order_id":20904,"request_id":"fbfcb3c2-1fc9-4a90-855a-ce0f2ab71b43","event":"orderupdated"}
2026-09-18T05:35:36+00:00 INFO Central order received successfully. CONTEXT: {"store_id":"site1","source_order_id":401191,"central_order_id":20905,"request_id":"2b505cb4-e778-4ec3-ba7f-837c5cb65efe","event":"orderupdated"}
2026-09-18T05:45:46+00:00 INFO Central order received successfully. CONTEXT: {"store_id":"site1","source_order_id":401192,"central_order_id":20907,"request_id":"bf942e06-5464-448d-8039-3ba6e7ca92e8","event":"orderupdated"}
2026-09-18T05:45:48+00:00 INFO Central order received successfully. CONTEXT: {"store_id":"site1","source_order_id":401192,"central_order_id":20907,"request_id":"d22a79ca-ff71-4a20-9e4d-6124388c1d18","event":"orderupdated"}
2026-09-18T05:46:09+00:00 INFO Central order received successfully. CONTEXT: {"store_id":"site1","source_order_id":401192,"central_order_id":20907,"request_id":"41046f68-7c08-4fce-a699-88badec25855","event":"orderupdated"}
2026-09-18T05:47:15+00:00 INFO Central order received successfully. CONTEXT: {"store_id":"site1","source_order_id":401192,"central_order_id":20907,"request_id":"0d8a1ac6-563b-47ce-8dc5-111e345139f3","event":"orderupdated"}
2026-09-18T05:47:17+00:00 INFO Central order received successfully. CONTEXT: {"store_id":"site1","source_order_id":401192,"central_order_id":20907,"request_id":"59fa6191-8ff8-4fe9-be1c-8f1d4113693f","event":"orderupdated"}
2026-09-18T05:47:32+00:00 INFO Central order received successfully. CONTEXT: {"store_id":"site1","source_order_id":401192,"central_order_id":20907,"request_id":"54f4a805-d2c7-4ad7-a513-f38584a42925","event":"orderupdated"}
2026-09-18T05:53:37+00:00 INFO Central bulk source orders received. CONTEXT: {"store_id":"site1","received":2,"succeeded":2,"failed":0,"request_id":"7259973d-cd73-4e7a-aec1-2a342b311f48"}
2026-09-18T05:59:55+00:00 INFO Central order received successfully. CONTEXT: {"store_id":"site1","source_order_id":401195,"central_order_id":20910,"request_id":"cef89a4e-9940-41b2-bd97-b60baabf206b","event":"orderupdated"}
2026-09-18T06:00:22+00:00 INFO Central bulk source orders received. CONTEXT: {"store_id":"site1","received":2,"succeeded":2,"failed":0,"request_id":"feeeba3e-ab8e-4e56-ac6a-15935327759d"}
2026-09-18T06:02:39+00:00 INFO Central order received successfully. CONTEXT: {"store_id":"site1","source_order_id":401196,"central_order_id":20911,"request_id":"fb46a7ec-2c73-4547-bd93-05844d36c97a","event":"orderupdated"}
2026-09-18T06:12:08+00:00 INFO Central order received successfully. CONTEXT: {"store_id":"site1","source_order_id":401201,"central_order_id":20912,"request_id":"741ddd88-30d1-4c89-be20-776cc1281a63","event":"orderupdated"}
2026-09-18T06:13:17+00:00 INFO Central order received successfully. CONTEXT: {"store_id":"site1","source_order_id":401202,"central_order_id":20913,"request_id":"951b72f0-b8a8-4463-8af2-1a27b2dfebdf","event":"orderupdated"}
2026-09-18T06:26:30+00:00 INFO Central bulk source orders received. CONTEXT: {"store_id":"site1","received":3,"succeeded":3,"failed":0,"request_id":"792a8c6d-c70f-4502-831b-ac509001d1fa"}
2026-09-18T06:33:47+00:00 INFO Central order received successfully. CONTEXT: {"store_id":"site1","source_order_id":401203,"central_order_id":20914,"request_id":"f7126421-9ba5-4f9b-9398-ffe27a0c723a","event":"orderupdated"}
2026-09-18T06:56:08+00:00 INFO Central order received successfully. CONTEXT: {"store_id":"site1","source_order_id":401206,"central_order_id":20915,"request_id":"52fe1178-e3dd-4aba-9640-d08328b4099b","event":"orderupdated"}
2026-09-18T06:57:33+00:00 INFO Central bulk source orders received. CONTEXT: {"store_id":"site1","received":3,"succeeded":3,"failed":0,"request_id":"4aa0f7e8-caed-488a-a241-5f059872d544"}
2026-09-18T07:00:11+00:00 INFO Central order received successfully. CONTEXT: {"store_id":"site1","source_order_id":401206,"central_order_id":20915,"request_id":"fa55d080-4e22-4e24-bcf1-9fc53b24fd64","event":"orderupdated"}
2026-09-18T07:08:27+00:00 INFO Central order received successfully. CONTEXT: {"store_id":"site1","source_order_id":401209,"central_order_id":20916,"request_id":"adc74721-1ea5-4c2a-a4b6-ef3c3c4ab9ed","event":"orderupdated"}
2026-09-18T07:16:48+00:00 INFO Central order received successfully. CONTEXT: {"store_id":"site1","source_order_id":401210,"central_order_id":20918,"request_id":"1a6dd1dd-101c-4e19-a2cc-9f8fdddb98ef","event":"orderupdated"}
2026-09-18T07:19:17+00:00 INFO Central order received successfully. CONTEXT: {"store_id":"site1","source_order_id":401210,"central_order_id":20918,"request_id":"9ce58d4a-bcf9-4ee0-a8f2-63c75d5d62f7","event":"orderupdated"}
2026-09-18T07:19:20+00:00 INFO Central order received successfully. CONTEXT: {"store_id":"site1","source_order_id":401210,"central_order_id":20918,"request_id":"fa637c7f-f158-433c-be4b-4e21c1816add","event":"orderupdated"}
2026-09-18T07:22:23+00:00 INFO Central order received successfully. CONTEXT: {"store_id":"site1","source_order_id":401212,"central_order_id":20919,"request_id":"3bc67034-cd8f-4014-a0a3-973956282a65","event":"orderupdated"}
2026-09-18T07:24:13+00:00 INFO Central order received successfully. CONTEXT: {"store_id":"site1","source_order_id":401210,"central_order_id":20918,"request_id":"626361cd-f71a-4af6-88e8-cc32c1755b98","event":"orderupdated"}
2026-09-18T07:24:17+00:00 INFO Central order received successfully. CONTEXT: {"store_id":"site1","source_order_id":401210,"central_order_id":20918,"request_id":"3b2ac786-3182-4ebd-afd3-d4d495fa13e8","event":"orderupdated"}
2026-09-18T07:27:17+00:00 INFO Central order received successfully. CONTEXT: {"store_id":"site1","source_order_id":401203,"central_order_id":20914,"request_id":"5e1f3313-1962-4b64-ac78-da7dbf3bdb15","event":"orderupdated"}
2026-09-18T07:57:30+00:00 INFO Central bulk source orders received. CONTEXT: {"store_id":"site1","received":3,"succeeded":3,"failed":0,"request_id":"aaf0bad3-616f-448f-9863-107e9ee8362c"}
2026-09-18T08:35:09+00:00 INFO Central order received successfully. CONTEXT: {"store_id":"site1","source_order_id":401222,"central_order_id":20920,"request_id":"f6c7d5ee-43ae-4a54-96cc-8e5f94b61bf4","event":"orderupdated"}
2026-09-18T08:36:31+00:00 INFO Central order received successfully. CONTEXT: {"store_id":"site1","source_order_id":401222,"central_order_id":20920,"request_id":"5f1c1a21-e09f-4095-a777-25d0ed14413b","event":"orderupdated"}
2026-09-18T08:41:48+00:00 INFO Central order received successfully. CONTEXT: {"store_id":"site1","source_order_id":401225,"central_order_id":20921,"request_id":"b7fa6154-94a1-4f5d-9711-655d4b72f407","event":"orderupdated"}
2026-09-18T08:44:26+00:00 INFO Central order received successfully. CONTEXT: {"store_id":"site1","source_order_id":401227,"central_order_id":20922,"request_id":"ff84392c-0b4f-424b-9894-30f2dd37e3ba","event":"orderupdated"}
2026-09-18T08:46:55+00:00 INFO Central order received successfully. CONTEXT: {"store_id":"site1","source_order_id":401227,"central_order_id":20922,"request_id":"21fa005a-baaf-4804-b9ce-1e84ff299a82","event":"orderupdated"}
2026-09-18T08:50:22+00:00 INFO Central bulk source orders received. CONTEXT: {"store_id":"site1","received":2,"succeeded":2,"failed":0,"request_id":"7cc59027-95c9-4f8c-92a6-0178ae8dca60"}
2026-09-18T08:56:39+00:00 INFO Central order received successfully. CONTEXT: {"store_id":"site1","source_order_id":401230,"central_order_id":20924,"request_id":"2655590b-a596-4217-ba85-30ae118e5692","event":"orderupdated"}
2026-09-18T08:56:42+00:00 INFO Central order received successfully. CONTEXT: {"store_id":"site1","source_order_id":401230,"central_order_id":20924,"request_id":"a0994871-77ec-4b63-acc3-2637a706de5b","event":"orderupdated"}
2026-09-18T08:58:50+00:00 INFO Central order received successfully. CONTEXT: {"store_id":"site1","source_order_id":401230,"central_order_id":20924,"request_id":"bcc6f44f-47a9-41b1-9dec-d4bcd05940b2","event":"orderupdated"}
2026-09-18T09:14:28+00:00 INFO Central order received successfully. CONTEXT: {"store_id":"site1","source_order_id":401231,"central_order_id":20925,"request_id":"439653d1-8842-4a8c-a2e1-478d5ca85459","event":"orderupdated"}
2026-09-18T09:25:32+00:00 INFO Central order received successfully. CONTEXT: {"store_id":"site1","source_order_id":401232,"central_order_id":20926,"request_id":"82b7c821-d421-48fe-96ee-f8bd357e412f","event":"orderupdated"}
2026-09-18T09:26:22+00:00 INFO Central order received successfully. CONTEXT: {"store_id":"site1","source_order_id":401231,"central_order_id":20925,"request_id":"1846951b-b80e-4d32-991c-e1149e560fdc","event":"orderupdated"}
2026-09-18T09:27:39+00:00 INFO Central order received successfully. CONTEXT: {"store_id":"site1","source_order_id":401231,"central_order_id":20925,"request_id":"a6dba847-6810-4426-9d5d-7e16e2f730fc","event":"orderupdated"}
2026-09-18T09:29:13+00:00 INFO Central order received successfully. CONTEXT: {"store_id":"site1","source_order_id":401228,"central_order_id":20923,"request_id":"80e3aba8-56bc-41f0-bcd5-94e37b45b61c","event":"orderupdated"}
2026-09-18T09:51:49+00:00 INFO Central order received successfully. CONTEXT: {"store_id":"site1","source_order_id":401236,"central_order_id":20927,"request_id":"9ca29b74-c6b5-49f6-a91a-7ae113b423be","event":"orderupdated"}
2026-09-18T09:53:54+00:00 INFO Central order received successfully. CONTEXT: {"store_id":"site1","source_order_id":401237,"central_order_id":20928,"request_id":"0b213f90-05c9-4251-8efd-4fe7e02fd6ca","event":"orderupdated"}
2026-09-18T09:59:17+00:00 INFO Central order received successfully. CONTEXT: {"store_id":"site1","source_order_id":401232,"central_order_id":20926,"request_id":"2855dfb7-488b-4fba-a6a5-4c3fb722838c","event":"orderupdated"}
2026-09-18T09:59:44+00:00 INFO Central order received successfully. CONTEXT: {"store_id":"site1","source_order_id":401238,"central_order_id":20929,"request_id":"acbc97c9-0ce5-4445-b5f7-970de966297b","event":"orderupdated"}
2026-09-18T10:13:15+00:00 INFO Central order received successfully. CONTEXT: {"store_id":"site1","source_order_id":401242,"central_order_id":20930,"request_id":"97527e46-8b9a-4e5f-aebe-089ceeec2d20","event":"orderupdated"}
2026-09-18T10:13:53+00:00 INFO Central order received successfully. CONTEXT: {"store_id":"site1","source_order_id":401242,"central_order_id":20930,"request_id":"4c33aae3-e63f-46b5-b05e-d12d155adfaf","event":"orderupdated"}
2026-09-18T10:16:44+00:00 INFO Central bulk source orders received. CONTEXT: {"store_id":"site1","received":2,"succeeded":2,"failed":0,"request_id":"cf10708f-5421-4295-aeca-f0ca35e8f268"}
2026-09-18T10:19:24+00:00 INFO Central order received successfully. CONTEXT: {"store_id":"site1","source_order_id":401243,"central_order_id":20932,"request_id":"e9ecaac4-5ed5-436d-a083-7e0979d37d7b","event":"orderupdated"}
2026-09-18T10:21:53+00:00 INFO Central order received successfully. CONTEXT: {"store_id":"site1","source_order_id":401244,"central_order_id":20933,"request_id":"cc15a258-44bb-4b0e-87b5-b8d34eb3e8f5","event":"orderupdated"}
2026-09-18T10:24:13+00:00 INFO Central order received successfully. CONTEXT: {"store_id":"site1","source_order_id":401244,"central_order_id":20933,"request_id":"90ccb00e-8e01-457b-bcef-3949de122e85","event":"orderupdated"}
2026-09-18T10:29:34+00:00 INFO Central bulk source orders received. CONTEXT: {"store_id":"site1","received":2,"succeeded":2,"failed":0,"request_id":"a148ca6e-a87d-43fd-9298-dcc93a836b21"}
2026-09-18T10:39:08+00:00 INFO Central order received successfully. CONTEXT: {"store_id":"site1","source_order_id":401245,"central_order_id":20934,"request_id":"fe0801ed-e614-481f-b9b5-d92fafa5f8e9","event":"orderupdated"}
2026-09-18T10:45:55+00:00 INFO Central order received successfully. CONTEXT: {"store_id":"site1","source_order_id":401247,"central_order_id":20935,"request_id":"8c60d3ae-1c8d-41cc-b486-9f79b2be6958","event":"orderupdated"}
2026-09-18T10:48:19+00:00 INFO Central order received successfully. CONTEXT: {"store_id":"site1","source_order_id":401248,"central_order_id":20936,"request_id":"ecebaa68-97b5-42a9-a2d1-3cd2be77d4a1","event":"orderupdated"}
2026-09-18T10:54:25+00:00 INFO Central order received successfully. CONTEXT: {"store_id":"site1","source_order_id":401250,"central_order_id":20937,"request_id":"8b67e8bb-d1fe-43a1-ba67-237760f45d80","event":"orderupdated"}
2026-09-18T10:55:31+00:00 INFO Central order received successfully. CONTEXT: {"store_id":"site1","source_order_id":401250,"central_order_id":20937,"request_id":"a8db299f-1f66-4439-a9ef-54f92c0412e0","event":"orderupdated"}
2026-09-18T10:55:58+00:00 INFO Central order received successfully. CONTEXT: {"store_id":"site1","source_order_id":401251,"central_order_id":20938,"request_id":"14e7698c-2980-4515-b33b-cfc3c3c280ba","event":"orderupdated"}
2026-09-18T10:58:50+00:00 INFO Central order received successfully. CONTEXT: {"store_id":"site1","source_order_id":401254,"central_order_id":20939,"request_id":"b1f957f5-4931-4739-ab3e-d4030de96a37","event":"orderupdated"}
2026-09-18T11:00:17+00:00 INFO Central order received successfully. CONTEXT: {"store_id":"site1","source_order_id":401238,"central_order_id":20929,"request_id":"4452e3a7-f813-4f24-a14e-7bc5238308b0","event":"orderupdated"}
2026-09-18T11:01:09+00:00 INFO Central order received successfully. CONTEXT: {"store_id":"site1","source_order_id":401254,"central_order_id":20939,"request_id":"1449b538-32aa-4b40-8566-2fb7d6ab4cc2","event":"orderupdated"}
2026-09-18T11:12:21+00:00 INFO Central order received successfully. CONTEXT: {"store_id":"site1","source_order_id":401256,"central_order_id":20940,"request_id":"768fe397-245d-413a-89b3-e5bd7b2e0c9a","event":"orderupdated"}
2026-09-18T11:13:25+00:00 INFO Central order received successfully. CONTEXT: {"store_id":"site1","source_order_id":401256,"central_order_id":20940,"request_id":"abbcd2b9-5335-42f0-a264-d3a9ac051f07","event":"orderupdated"}
2026-09-18T11:13:47+00:00 INFO Central order received successfully. CONTEXT: {"store_id":"site1","source_order_id":401257,"central_order_id":20941,"request_id":"fe2193e6-1669-42f5-8a0e-d6bfaf055da9","event":"orderupdated"}
2026-09-18T11:16:37+00:00 INFO Central order received successfully. CONTEXT: {"store_id":"site1","source_order_id":401257,"central_order_id":20941,"request_id":"a31b70fe-97ab-4fda-be6a-19391b4700b2","event":"orderupdated"}
2026-09-18T11:30:38+00:00 INFO Central bulk source orders received. CONTEXT: {"store_id":"site1","received":4,"succeeded":4,"failed":0,"request_id":"226099cc-6ad7-47ff-9718-5502595ec478"}
2026-09-18T11:30:39+00:00 INFO Central order received successfully. CONTEXT: {"store_id":"site1","source_order_id":401259,"central_order_id":20942,"request_id":"b967226f-59c9-4e4c-b23f-b153c786b5e6","event":"orderupdated"}
2026-09-18T11:39:33+00:00 INFO Central order received successfully. CONTEXT: {"store_id":"site1","source_order_id":401261,"central_order_id":20943,"request_id":"3e31fc0a-c1a8-4ace-8f83-82183989ce41","event":"orderupdated"}
2026-09-18T11:40:20+00:00 INFO Central order received successfully. CONTEXT: {"store_id":"site1","source_order_id":401259,"central_order_id":20942,"request_id":"d51b1a8e-b3a4-4684-8f07-4e18c947b769","event":"orderupdated"}
2026-09-18T11:40:53+00:00 INFO Central order received successfully. CONTEXT: {"store_id":"site1","source_order_id":401261,"central_order_id":20943,"request_id":"75914133-36d1-4601-9f62-cc3333e27c3d","event":"orderupdated"}
2026-09-18T11:41:05+00:00 INFO Central bulk source orders received. CONTEXT: {"store_id":"site1","received":2,"succeeded":2,"failed":0,"request_id":"290d6428-9e65-48d9-8366-27b1056f3a05"}
2026-09-18T11:41:56+00:00 INFO Central order received successfully. CONTEXT: {"store_id":"site1","source_order_id":401262,"central_order_id":20944,"request_id":"4b241a9c-9448-40d7-a428-bd4b33ba7362","event":"orderupdated"}
2026-09-18T11:42:29+00:00 INFO Central order received successfully. CONTEXT: {"store_id":"site1","source_order_id":401263,"central_order_id":20945,"request_id":"724ce00a-1915-43ed-824e-38f113b12afe","event":"orderupdated"}
2026-09-18T11:51:24+00:00 INFO Central order received successfully. CONTEXT: {"store_id":"site1","source_order_id":401264,"central_order_id":20946,"request_id":"01a9e1a4-b601-43c6-98f3-e6e4712740fc","event":"orderupdated"}
2026-09-18T12:10:33+00:00 INFO Central order received successfully. CONTEXT: {"store_id":"site1","source_order_id":401265,"central_order_id":20947,"request_id":"7abadfe2-73e6-4e59-905e-4b99fcd79cdd","event":"orderupdated"}
2026-09-18T12:13:10+00:00 INFO Central order received successfully. CONTEXT: {"store_id":"site1","source_order_id":401266,"central_order_id":20948,"request_id":"1c2285f5-3c21-4679-b6c9-0b69e6df7efb","event":"orderupdated"}
2026-09-18T12:14:39+00:00 INFO Central order received successfully. CONTEXT: {"store_id":"site1","source_order_id":401267,"central_order_id":20949,"request_id":"8145719a-9f7f-4485-acf2-0e8df93b40ef","event":"orderupdated"}
2026-09-18T12:14:58+00:00 INFO Central order received successfully. CONTEXT: {"store_id":"site1","source_order_id":401267,"central_order_id":20949,"request_id":"b57d56ec-3162-46e9-b261-a885e54d64ca","event":"orderupdated"}
2026-09-18T12:15:00+00:00 INFO Central order received successfully. CONTEXT: {"store_id":"site1","source_order_id":401266,"central_order_id":20948,"request_id":"84209b11-b1db-467d-b8c4-52568caea071","event":"orderupdated"}
2026-09-18T12:15:27+00:00 INFO Central order received successfully. CONTEXT: {"store_id":"site1","source_order_id":401266,"central_order_id":20948,"request_id":"9f0054f7-40ac-4879-9963-8d6bcee9e8e2","event":"orderupdated"}
2026-09-18T12:15:41+00:00 INFO Central bulk source orders received. CONTEXT: {"store_id":"site1","received":2,"succeeded":2,"failed":0,"request_id":"2801ed77-ea1f-4b2a-9cdd-93f87a01e42e"}
2026-09-18T12:16:11+00:00 INFO Central order received successfully. CONTEXT: {"store_id":"site1","source_order_id":401268,"central_order_id":20950,"request_id":"3f9ca213-a1fc-40a6-9ffd-535f58534ced","event":"orderupdated"}
2026-09-18T12:16:27+00:00 INFO Central order received successfully. CONTEXT: {"store_id":"site1","source_order_id":401268,"central_order_id":20950,"request_id":"aad86fdc-4bca-4156-b450-922b4195aea9","event":"orderupdated"}
2026-09-18T12:18:03+00:00 INFO Central order received successfully. CONTEXT: {"store_id":"site1","source_order_id":401268,"central_order_id":20950,"request_id":"f2327681-fedd-4d14-94a7-84ce8564b3e7","event":"orderupdated"}
2026-09-18T12:19:07+00:00 INFO Central order received successfully. CONTEXT: {"store_id":"site1","source_order_id":401267,"central_order_id":20949,"request_id":"3b8808b8-7242-48b0-a81a-284cdb0c0b08","event":"orderupdated"}
2026-09-18T12:20:34+00:00 INFO Central order received successfully. CONTEXT: {"store_id":"site1","source_order_id":401270,"central_order_id":20951,"request_id":"53f28f70-d6ce-4c17-a963-ace73a6dca9f","event":"orderupdated"}
2026-09-18T12:21:30+00:00 INFO Central order received successfully. CONTEXT: {"store_id":"site1","source_order_id":401270,"central_order_id":20951,"request_id":"385a41a0-175b-4d5f-b5fd-fc[redacted-phone]","event":"orderupdated"}
2026-09-18T12:27:53+00:00 INFO Central order received successfully. CONTEXT: {"store_id":"site1","source_order_id":401274,"central_order_id":20952,"request_id":"5164553b-8eb8-4481-9d81-c6901f53fe65","event":"orderupdated"}
2026-09-18T12:31:11+00:00 INFO Central bulk source orders received. CONTEXT: {"store_id":"site1","received":2,"succeeded":2,"failed":0,"request_id":"b2ba19e6-6d87-4a81-8e6c-34bd319f25e7"}
2026-09-18T12:33:37+00:00 INFO Central order received successfully. CONTEXT: {"store_id":"site1","source_order_id":401275,"central_order_id":20953,"request_id":"ef7de6b6-dd53-4ef2-ab9f-4143601f1187","event":"orderupdated"}
2026-09-18T12:34:01+00:00 INFO Central order received successfully. CONTEXT: {"store_id":"site1","source_order_id":401276,"central_order_id":20954,"request_id":"65ea72d8-189b-4b2b-abe7-fb0930a5df45","event":"orderupdated"}
2026-09-18T12:35:07+00:00 INFO Central order received successfully. CONTEXT: {"store_id":"site1","source_order_id":401277,"central_order_id":20955,"request_id":"b0174a5a-32f7-499f-b6f3-9200591fb0e2","event":"orderupdated"}
2026-09-18T12:36:40+00:00 INFO Central order received successfully. CONTEXT: {"store_id":"site1","source_order_id":401274,"central_order_id":20952,"request_id":"845c6dfe-000a-4a54-b2b0-78b303aa206e","event":"orderupdated"}
2026-09-18T12:36:57+00:00 INFO Central order received successfully. CONTEXT: {"store_id":"site1","source_order_id":401278,"central_order_id":20956,"request_id":"2eeaa42c-0eaf-472d-a676-5561113f88a0","event":"orderupdated"}
2026-09-18T12:38:08+00:00 INFO Central order received successfully. CONTEXT: {"store_id":"site1","source_order_id":401279,"central_order_id":20957,"request_id":"fbef6f2f-88bb-4644-b705-e223617d13b2","event":"orderupdated"}
2026-09-18T12:39:27+00:00 INFO Central order received successfully. CONTEXT: {"store_id":"site1","source_order_id":401278,"central_order_id":20956,"request_id":"ecc689d0-0da8-4356-8c8e-e629f263755c","event":"orderupdated"}
2026-09-18T12:39:29+00:00 INFO Central order received successfully. CONTEXT: {"store_id":"site1","source_order_id":401280,"central_order_id":20958,"request_id":"eacd035a-422f-4432-85a1-1dd9bd3ec24f","event":"orderupdated"}
2026-09-18T12:40:43+00:00 INFO Central order received successfully. CONTEXT: {"store_id":"site1","source_order_id":401277,"central_order_id":20955,"request_id":"65c154c7-0927-4c9f-b83e-1328ae56265f","event":"orderupdated"}
2026-09-18T12:41:23+00:00 INFO Central order received successfully. CONTEXT: {"store_id":"site1","source_order_id":401281,"central_order_id":20959,"request_id":"daa58029-7d01-4357-8222-d88c2fb4b81a","event":"orderupdated"}
2026-09-18T12:45:21+00:00 INFO Central bulk source orders received. CONTEXT: {"store_id":"site1","received":2,"succeeded":2,"failed":0,"request_id":"c6d1735a-97ed-4b9d-9e22-cafc82269138"}
2026-09-18T12:45:55+00:00 INFO Central order received successfully. CONTEXT: {"store_id":"site1","source_order_id":401284,"central_order_id":20961,"request_id":"da961263-f9ed-4dda-bf61-5064a58619ed","event":"orderupdated"}
2026-09-18T13:01:18+00:00 INFO Central order received successfully. CONTEXT: {"store_id":"site1","source_order_id":401265,"central_order_id":20947,"request_id":"5061a48c-3400-433a-a98d-bc3f7ad59fa5","event":"orderupdated"}
2026-09-18T13:31:49+00:00 INFO Central bulk source orders received. CONTEXT: {"store_id":"site1","received":6,"succeeded":6,"failed":0,"request_id":"1a20d914-eb54-4027-9a68-c9aa68b98002"}
2026-09-18T13:33:07+00:00 INFO Central bulk source orders received. CONTEXT: {"store_id":"site1","received":6,"succeeded":6,"failed":0,"request_id":"806cf9ee-1913-442c-9e68-279ad88fd9ed"}
2026-09-18T13:43:15+00:00 INFO Central order received successfully. CONTEXT: {"store_id":"site1","source_order_id":401289,"central_order_id":20962,"request_id":"846155bb-3d88-4d4d-88ed-e6b517535718","event":"orderupdated"}
2026-09-18T13:46:06+00:00 INFO Central order received successfully. CONTEXT: {"store_id":"site1","source_order_id":401289,"central_order_id":20962,"request_id":"983cff8c-5aad-4e3f-8195-fdd67774cedb","event":"orderupdated"}
2026-09-18T13:51:58+00:00 INFO Central order received successfully. CONTEXT: {"store_id":"site1","source_order_id":401292,"central_order_id":20963,"request_id":"6e16554e-bd4a-4f05-8c3e-7467be73c805","event":"orderupdated"}
2026-09-18T13:53:04+00:00 INFO Central order received successfully. CONTEXT: {"store_id":"site1","source_order_id":401293,"central_order_id":20964,"request_id":"d171ed0f-b803-4a98-a240-5c6b5b3763c2","event":"orderupdated"}
2026-09-18T13:54:27+00:00 INFO Central order received successfully. CONTEXT: {"store_id":"site1","source_order_id":401292,"central_order_id":20963,"request_id":"04034264-aa4f-42ce-b11c-214124269862","event":"orderupdated"}
2026-09-18T13:55:37+00:00 INFO Central order received successfully. CONTEXT: {"store_id":"site1","source_order_id":401293,"central_order_id":20964,"request_id":"b7c20c3f-dda3-41cf-9ed2-91b95746d3c3","event":"orderupdated"}
2026-09-18T14:02:13+00:00 INFO Central order received successfully. CONTEXT: {"store_id":"site1","source_order_id":401295,"central_order_id":20965,"request_id":"39315877-f3c2-45d9-94ee-f51f41f2146e","event":"orderupdated"}
2026-09-18T14:04:18+00:00 INFO Central bulk source orders received. CONTEXT: {"store_id":"site1","received":2,"succeeded":2,"failed":0,"request_id":"016666bb-a60b-4a22-b96f-eab44b4b59e4"}
2026-09-18T14:08:12+00:00 INFO Central order received successfully. CONTEXT: {"store_id":"site1","source_order_id":401298,"central_order_id":20967,"request_id":"466c21bb-cd46-48fe-834d-b2f309ceeef7","event":"orderupdated"}
2026-09-18T14:12:05+00:00 INFO Central order received successfully. CONTEXT: {"store_id":"site1","source_order_id":401299,"central_order_id":20968,"request_id":"2a33909a-457b-4383-b6a3-391f126bcd40","event":"orderupdated"}
2026-09-18T14:36:44+00:00 INFO Central order received successfully. CONTEXT: {"store_id":"site1","source_order_id":401305,"central_order_id":20970,"request_id":"f3bbc77e-ecfe-4b2f-ab32-702983f6e412","event":"orderupdated"}
2026-09-18T14:41:44+00:00 INFO Central order received successfully. CONTEXT: {"store_id":"site1","source_order_id":401305,"central_order_id":20970,"request_id":"46ffdcb4-9d0c-4f14-8a41-66a83aaf4d05","event":"orderupdated"}
2026-09-18T14:46:36+00:00 INFO Central order received successfully. CONTEXT: {"store_id":"site1","source_order_id":401305,"central_order_id":20970,"request_id":"586058b6-ebd9-4d97-94e6-8d72fbf4df2a","event":"orderupdated"}
2026-09-18T15:00:37+00:00 INFO Central order received successfully. CONTEXT: {"store_id":"site1","source_order_id":401312,"central_order_id":20972,"request_id":"2e56df6a-eac9-47f1-895c-8c67e1f7e093","event":"orderupdated"}
2026-09-18T15:01:57+00:00 INFO Central order received successfully. CONTEXT: {"store_id":"site1","source_order_id":401313,"central_order_id":20973,"request_id":"2290fe21-4788-45c5-8e05-b540fee5bb18","event":"orderupdated"}
2026-09-18T15:02:12+00:00 INFO Central bulk source orders received. CONTEXT: {"store_id":"site1","received":3,"succeeded":3,"failed":0,"request_id":"8b380a76-29ec-46a3-8864-c9126c4b2990"}
2026-09-18T15:12:08+00:00 INFO Central order received successfully. CONTEXT: {"store_id":"site1","source_order_id":401314,"central_order_id":20974,"request_id":"20cc71f1-2416-44bf-ad81-f473219ed227","event":"orderupdated"}
2026-09-18T15:15:32+00:00 INFO Central order received successfully. CONTEXT: {"store_id":"site1","source_order_id":401314,"central_order_id":20974,"request_id":"005f0e29-9721-4c44-aa2b-7ce37d1f082b","event":"orderupdated"}
2026-09-18T15:15:49+00:00 INFO Central order received successfully. CONTEXT: {"store_id":"site1","source_order_id":401315,"central_order_id":20975,"request_id":"e9e21173-427b-40ec-a584-2161c2a9eecf","event":"orderupdated"}
2026-09-18T15:18:34+00:00 INFO Central order received successfully. CONTEXT: {"store_id":"site1","source_order_id":401316,"central_order_id":20976,"request_id":"6cdf8db8-b194-47ab-81b9-c42e64133c67","event":"orderupdated"}
2026-09-18T15:19:55+00:00 INFO Central order received successfully. CONTEXT: {"store_id":"site1","source_order_id":401316,"central_order_id":20976,"request_id":"5c1cd0ef-916a-4c6d-9043-8585d812e8c8","event":"orderupdated"}
2026-09-18T15:32:24+00:00 INFO Central bulk source orders received. CONTEXT: {"store_id":"site1","received":2,"succeeded":2,"failed":0,"request_id":"e45aeaa5-8e06-4b50-a9bf-f62f8c7e2d66"}
2026-09-18T15:46:53+00:00 INFO Central order received successfully. CONTEXT: {"store_id":"site1","source_order_id":401321,"central_order_id":20977,"request_id":"f4daf075-8150-48d5-ba87-b35c6f9a44e8","event":"orderupdated"}
2026-09-18T15:47:50+00:00 INFO Central order received successfully. CONTEXT: {"store_id":"site1","source_order_id":401322,"central_order_id":20978,"request_id":"fa88eb7a-4f12-4dd2-af21-417fabdada52","event":"orderupdated"}
2026-09-18T15:59:51+00:00 INFO Central order received successfully. CONTEXT: {"store_id":"site1","source_order_id":401324,"central_order_id":20979,"request_id":"5df83832-3ce3-44a9-8fec-7f449d527186","event":"orderupdated"}
2026-09-18T16:02:22+00:00 INFO Central order received successfully. CONTEXT: {"store_id":"site1","source_order_id":401324,"central_order_id":20979,"request_id":"40f51396-8e4c-44ed-8e36-9d60205ffe94","event":"orderupdated"}
2026-09-18T16:02:29+00:00 INFO Central order received successfully. CONTEXT: {"store_id":"site1","source_order_id":401326,"central_order_id":20980,"request_id":"343a866e-086c-4457-bafb-1854cdd9e146","event":"orderupdated"}
2026-09-18T16:03:25+00:00 INFO Central order received successfully. CONTEXT: {"store_id":"site1","source_order_id":401315,"central_order_id":20975,"request_id":"65abc175-c584-4226-89d1-c984c279a223","event":"orderupdated"}
2026-09-18T16:05:52+00:00 INFO Central order received successfully. CONTEXT: {"store_id":"site1","source_order_id":401326,"central_order_id":20980,"request_id":"ebe4c11b-e6b0-4b48-a7e6-99d0d83119da","event":"orderupdated"}
2026-09-18T16:14:16+00:00 INFO Central order received successfully. CONTEXT: {"store_id":"site1","source_order_id":401327,"central_order_id":20981,"request_id":"db115a59-2466-47a6-a3cf-a89cfc38d05e","event":"orderupdated"}
2026-09-18T16:15:12+00:00 INFO Central order received successfully. CONTEXT: {"store_id":"site1","source_order_id":401327,"central_order_id":20981,"request_id":"96c6517a-b874-47a6-89cd-a719bd01668d","event":"orderupdated"}
2026-09-18T16:16:06+00:00 INFO Central order received successfully. CONTEXT: {"store_id":"site1","source_order_id":401328,"central_order_id":20982,"request_id":"e14aba0e-3b0e-405e-84e1-e66cd8309b54","event":"orderupdated"}
2026-09-18T16:18:32+00:00 INFO Central order received successfully. CONTEXT: {"store_id":"site1","source_order_id":401328,"central_order_id":20982,"request_id":"50bb52ff-dec0-49e1-902c-4d9813e174f5","event":"orderupdated"}
2026-09-18T16:21:43+00:00 INFO Central order received successfully. CONTEXT: {"store_id":"site1","source_order_id":401331,"central_order_id":20983,"request_id":"1ed2a0aa-d5d9-47bd-84a3-26b5ac966df0","event":"orderupdated"}
2026-09-18T16:24:19+00:00 INFO Central order received successfully. CONTEXT: {"store_id":"site1","source_order_id":401331,"central_order_id":20983,"request_id":"0fc4e418-d9b1-461f-a6ca-29347e809012","event":"orderupdated"}
2026-09-18T16:28:05+00:00 INFO Central order received successfully. CONTEXT: {"store_id":"site1","source_order_id":401332,"central_order_id":20984,"request_id":"97f05ba2-95bb-4f07-b89a-0480a2ee31e8","event":"orderupdated"}
2026-09-18T16:28:08+00:00 INFO Central order received successfully. CONTEXT: {"store_id":"site1","source_order_id":401332,"central_order_id":20984,"request_id":"041b7837-d83f-461d-b6be-cb99e495bfff","event":"orderupdated"}
2026-09-18T16:31:00+00:00 INFO Central order received successfully. CONTEXT: {"store_id":"site1","source_order_id":401332,"central_order_id":20984,"request_id":"614b8987-6e25-40c7-b086-550d83447feb","event":"orderupdated"}
2026-09-18T16:31:48+00:00 INFO Central order received successfully. CONTEXT: {"store_id":"site1","source_order_id":401333,"central_order_id":20986,"request_id":"4a4ae626-3bff-44d5-a7e0-02bea324d2db","event":"orderupdated"}
2026-09-18T16:32:51+00:00 INFO Central order received successfully. CONTEXT: {"store_id":"site1","source_order_id":401334,"central_order_id":20987,"request_id":"721e4ea4-5734-4e5e-b7ad-0ccecd83620c","event":"orderupdated"}
2026-09-18T16:33:23+00:00 INFO Central bulk source orders received. CONTEXT: {"store_id":"site1","received":2,"succeeded":2,"failed":0,"request_id":"22a30e0c-8089-4f7a-9762-abc9d9b20de1"}
2026-09-18T16:34:07+00:00 INFO Central order received successfully. CONTEXT: {"store_id":"site1","source_order_id":401333,"central_order_id":20986,"request_id":"d79087d9-a7c4-436b-bea9-930039e8cdb3","event":"orderupdated"}
2026-09-18T16:35:43+00:00 INFO Central order received successfully. CONTEXT: {"store_id":"site1","source_order_id":401334,"central_order_id":20987,"request_id":"b1b8dbf9-5466-4cde-80bc-5c160b5ab6a4","event":"orderupdated"}
2026-09-18T16:35:43+00:00 INFO Central order received successfully. CONTEXT: {"store_id":"site1","source_order_id":401334,"central_order_id":20987,"request_id":"1a16dd44-7084-407f-8c0e-ce018039a751","event":"orderupdated"}
2026-09-18T16:36:19+00:00 INFO Central order received successfully. CONTEXT: {"store_id":"site1","source_order_id":401335,"central_order_id":20988,"request_id":"3c7133b4-5d50-4a62-9c66-dd5c5a5ca756","event":"orderupdated"}
2026-09-18T16:38:38+00:00 INFO Central order received successfully. CONTEXT: {"store_id":"site1","source_order_id":401335,"central_order_id":20988,"request_id":"625145d8-2c11-4159-97c6-4086b70025b4","event":"orderupdated"}
2026-09-18T16:44:37+00:00 INFO Central order received successfully. CONTEXT: {"store_id":"site1","source_order_id":401338,"central_order_id":20989,"request_id":"76ae1154-770d-4d23-a231-2545bebea456","event":"orderupdated"}
2026-09-18T16:46:03+00:00 INFO Central order received successfully. CONTEXT: {"store_id":"site1","source_order_id":401339,"central_order_id":20990,"request_id":"4c0d6a93-394a-4685-b032-2aecafefdd5b","event":"orderupdated"}
2026-09-18T16:46:07+00:00 INFO Central order received successfully. CONTEXT: {"store_id":"site1","source_order_id":401339,"central_order_id":20990,"request_id":"97e51061-9211-4121-9f78-afd8bf8520b2","event":"orderupdated"}
2026-09-18T16:46:36+00:00 INFO Central order received successfully. CONTEXT: {"store_id":"site1","source_order_id":401339,"central_order_id":20990,"request_id":"4514f134-cf02-45de-bcea-4c50a92f9f33","event":"orderupdated"}
2026-09-18T16:50:40+00:00 INFO Central order received successfully. CONTEXT: {"store_id":"site1","source_order_id":401341,"central_order_id":20991,"request_id":"b03f0d45-1ecd-4e5e-a84f-f2bfe0172120","event":"orderupdated"}
2026-09-18T16:52:54+00:00 INFO Central order received successfully. CONTEXT: {"store_id":"site1","source_order_id":401341,"central_order_id":20991,"request_id":"501f4098-c540-4286-a526-22753d66c51f","event":"orderupdated"}
2026-09-18T16:59:37+00:00 INFO Central order received successfully. CONTEXT: {"store_id":"site1","source_order_id":401342,"central_order_id":20992,"request_id":"9e99e9b1-eed3-4994-a8c7-da0d78d58a85","event":"orderupdated"}
2026-09-18T17:00:45+00:00 INFO Central order received successfully. CONTEXT: {"store_id":"site1","source_order_id":401343,"central_order_id":20993,"request_id":"0a772bdd-7a18-48c4-8a99-56764b7711b8","event":"orderupdated"}
2026-09-18T17:03:08+00:00 INFO Central order received successfully. CONTEXT: {"store_id":"site1","source_order_id":401343,"central_order_id":20993,"request_id":"8445584c-3cdf-47ac-b59d-d33fb0e591c3","event":"orderupdated"}
2026-09-18T17:04:09+00:00 INFO Central order received successfully. CONTEXT: {"store_id":"site1","source_order_id":401344,"central_order_id":20994,"request_id":"dc83fd16-1fa9-4360-9831-209aba3649c0","event":"orderupdated"}
2026-09-18T17:09:45+00:00 INFO Central order received successfully. CONTEXT: {"store_id":"site1","source_order_id":401345,"central_order_id":20995,"request_id":"9369b7a8-c226-4d9f-a382-71d6a9f00c2c","event":"orderupdated"}
2026-09-18T17:13:02+00:00 INFO Central order received successfully. CONTEXT: {"store_id":"site1","source_order_id":401345,"central_order_id":20995,"request_id":"be8780de-2fa8-40cd-bccc-764cef7cc9d3","event":"orderupdated"}
2026-09-18T17:13:50+00:00 INFO Central order received successfully. CONTEXT: {"store_id":"site1","source_order_id":401345,"central_order_id":20995,"request_id":"6c16d97d-d261-4f0d-a272-4787b3086a95","event":"orderupdated"}
2026-09-18T17:20:25+00:00 INFO Central order received successfully. CONTEXT: {"store_id":"site1","source_order_id":401346,"central_order_id":20996,"request_id":"fcc1c8df-8eac-492f-a1f4-a8af70aae46b","event":"orderupdated"}
2026-09-18T17:22:46+00:00 INFO Central order received successfully. CONTEXT: {"store_id":"site1","source_order_id":401347,"central_order_id":20997,"request_id":"0d2fe873-b486-48eb-9fa3-8cf81c9e1cb5","event":"orderupdated"}
2026-09-18T17:26:18+00:00 INFO Central order received successfully. CONTEXT: {"store_id":"site1","source_order_id":401348,"central_order_id":20998,"request_id":"a91b65eb-eb2e-488c-ab22-3063763eb6a6","event":"orderupdated"}
2026-09-18T17:27:32+00:00 INFO Central order received successfully. CONTEXT: {"store_id":"site1","source_order_id":401348,"central_order_id":20998,"request_id":"2d795cf4-6b7f-4852-bcb6-ec0fb2403e06","event":"orderupdated"}
2026-09-18T17:31:45+00:00 INFO Central order received successfully. CONTEXT: {"store_id":"site1","source_order_id":401349,"central_order_id":20999,"request_id":"8fc93493-7026-4bad-9e86-41324224a560","event":"orderupdated"}
2026-09-18T17:34:42+00:00 INFO Central bulk source orders received. CONTEXT: {"store_id":"site1","received":3,"succeeded":3,"failed":0,"request_id":"73f36ba3-01e8-4bc1-85ff-5d151bd0386b"}
2026-09-18T17:35:01+00:00 INFO Central order received successfully. CONTEXT: {"store_id":"site1","source_order_id":401349,"central_order_id":20999,"request_id":"78c75c70-aecb-4763-97c7-74d56c728246","event":"orderupdated"}
2026-09-18T17:36:41+00:00 INFO Central order received successfully. CONTEXT: {"store_id":"site1","source_order_id":401350,"central_order_id":21000,"request_id":"7bc2f810-c230-40c7-8b1b-61612f3d396d","event":"orderupdated"}
2026-09-18T17:39:09+00:00 INFO Central order received successfully. CONTEXT: {"store_id":"site1","source_order_id":401350,"central_order_id":21000,"request_id":"5de570ed-49e5-4311-97da-1084f4d7cbf3","event":"orderupdated"}
2026-09-18T17:43:06+00:00 INFO Central order received successfully. CONTEXT: {"store_id":"site1","source_order_id":401351,"central_order_id":21001,"request_id":"d1810148-7377-4b76-a453-dc4bf81501a9","event":"orderupdated"}
2026-09-18T17:43:53+00:00 INFO Central order received successfully. CONTEXT: {"store_id":"site1","source_order_id":401352,"central_order_id":21002,"request_id":"70e54a96-6794-4363-b983-5ce9c4b77fb9","event":"orderupdated"}
2026-09-18T17:44:51+00:00 INFO Central order received successfully. CONTEXT: {"store_id":"site1","source_order_id":401353,"central_order_id":21003,"request_id":"5c17b7ac-c3d4-4214-8cd8-4e3131d79f4e","event":"orderupdated"}
2026-09-18T17:46:43+00:00 INFO Central order received successfully. CONTEXT: {"store_id":"site1","source_order_id":401352,"central_order_id":21002,"request_id":"45e5fb5b-75a8-4af6-b263-c9658fb65ae2","event":"orderupdated"}
2026-09-18T17:47:29+00:00 INFO Central order received successfully. CONTEXT: {"store_id":"site1","source_order_id":401353,"central_order_id":21003,"request_id":"e989530a-2182-4e65-a008-18e1377210aa","event":"orderupdated"}
2026-09-18T17:49:41+00:00 INFO Central order received successfully. CONTEXT: {"store_id":"site1","source_order_id":401352,"central_order_id":21002,"request_id":"980c2a7b-8d97-48d9-a9ee-5107a02dab79","event":"orderupdated"}
2026-09-18T17:53:26+00:00 INFO Central order received successfully. CONTEXT: {"store_id":"site1","source_order_id":401352,"central_order_id":21002,"request_id":"0cd1fdfb-d888-4dbb-9ac0-e18d7a8e330f","event":"orderupdated"}
2026-09-18T18:04:30+00:00 INFO Central bulk source orders received. CONTEXT: {"store_id":"site1","received":3,"succeeded":3,"failed":0,"request_id":"03268903-a2c4-42c8-bf77-2fa700c5a38a"}
2026-09-18T18:05:26+00:00 INFO Central order received successfully. CONTEXT: {"store_id":"site1","source_order_id":401354,"central_order_id":21004,"request_id":"c5b51653-295c-4fa5-8b49-3418d905be85","event":"orderupdated"}
2026-09-18T18:35:24+00:00 INFO Central bulk source orders received. CONTEXT: {"store_id":"site1","received":2,"succeeded":2,"failed":0,"request_id":"acbce089-6e52-4bc9-bd36-30dfbc7cddc4"}
2026-09-18T19:05:48+00:00 INFO Central order received successfully. CONTEXT: {"store_id":"site1","source_order_id":401354,"central_order_id":21004,"request_id":"56939a96-fe24-4da4-a950-defaf08fd9f5","event":"orderupdated"}
2026-09-18T19:08:39+00:00 INFO Central order received successfully. CONTEXT: {"store_id":"site1","source_order_id":401355,"central_order_id":21011,"request_id":"a319a4b6-2853-4cee-8f75-02a477c65b3e","event":"orderupdated"}
2026-09-18T19:10:00+00:00 INFO Central order received successfully. CONTEXT: {"store_id":"site1","source_order_id":401355,"central_order_id":21011,"request_id":"5181300b-2293-4e17-a81b-f4ae8536c6e5","event":"orderupdated"}
2026-09-18T20:01:35+00:00 INFO Central order received successfully. CONTEXT: {"store_id":"site1","source_order_id":401356,"central_order_id":21013,"request_id":"969b58c9-7dc0-4e38-b26a-17df7d46c204","event":"orderupdated"}
2026-09-18T20:01:39+00:00 INFO Central order received successfully. CONTEXT: {"store_id":"site1","source_order_id":401356,"central_order_id":21013,"request_id":"66695307-0b72-446e-8ad5-46276a9f6182","event":"orderupdated"}
2026-09-18T20:02:48+00:00 INFO Central order received successfully. CONTEXT: {"store_id":"site1","source_order_id":401356,"central_order_id":21013,"request_id":"4d59b368-606a-41f6-87bb-0885da8c042a","event":"orderupdated"}
2026-09-18T21:56:05+00:00 INFO Central order received successfully. CONTEXT: {"store_id":"site1","source_order_id":401357,"central_order_id":21019,"request_id":"8e070e23-0b8f-4fb9-ae8b-c29901a99588","event":"orderupdated"}
2026-09-18T21:56:09+00:00 INFO Central order received successfully. CONTEXT: {"store_id":"site1","source_order_id":401357,"central_order_id":21019,"request_id":"ab6f634c-e0ab-4b9b-b0ee-62a589f97d79","event":"orderupdated"}
2026-09-18T21:56:17+00:00 INFO Central order received successfully. CONTEXT: {"store_id":"site1","source_order_id":401357,"central_order_id":21019,"request_id":"d85ca6e1-c347-4d1d-abd3-9c8769c6cff6","event":"orderupdated"}
2026-09-18T21:56:22+00:00 INFO Central order received successfully. CONTEXT: {"store_id":"site1","source_order_id":401357,"central_order_id":21019,"request_id":"cf23ebec-d314-4bf7-b197-8e73de9b3711","event":"orderupdated"}
2026-09-18T21:56:27+00:00 INFO Central order received successfully. CONTEXT: {"store_id":"site1","source_order_id":401357,"central_order_id":21019,"request_id":"0e5e9902-2f67-4173-acc6-ce744668f11c","event":"orderupdated"}
2026-09-18T21:56:32+00:00 INFO Central order received successfully. CONTEXT: {"store_id":"site1","source_order_id":401357,"central_order_id":21019,"request_id":"1cdce295-3f04-4f14-8293-b807065dbd28","event":"orderupdated"}
2026-09-18T21:56:40+00:00 INFO Central order received successfully. CONTEXT: {"store_id":"site1","source_order_id":401357,"central_order_id":21019,"request_id":"e9cc88b2-1829-4536-8546-f07231aeeb36","event":"orderupdated"}
2026-09-18T21:56:54+00:00 INFO Central order received successfully. CONTEXT: {"store_id":"site1","source_order_id":401357,"central_order_id":21019,"request_id":"77051c8c-dc6d-4862-b556-a46a289a02c1","event":"orderupdated"}
2026-09-18T21:57:21+00:00 INFO Central order received successfully. CONTEXT: {"store_id":"site1","source_order_id":401358,"central_order_id":21020,"request_id":"b897e279-0676-490b-864a-52e38c4bc19c","event":"orderupdated"}
2026-09-18T21:58:29+00:00 INFO Central order received successfully. CONTEXT: {"store_id":"site1","source_order_id":401358,"central_order_id":21020,"request_id":"a3805d25-c632-4135-adab-caf5663ccc32","event":"orderupdated"}
2026-09-18T21:59:06+00:00 INFO Central order received successfully. CONTEXT: {"store_id":"site1","source_order_id":401358,"central_order_id":21020,"request_id":"e7bc6b73-5f0b-4702-8de4-8b0c10ec6322","event":"orderupdated"}
2026-09-18T22:05:23+00:00 INFO Central order received successfully. CONTEXT: {"store_id":"site1","source_order_id":401359,"central_order_id":21021,"request_id":"c1d161cd-66f1-4924-ae6a-0fe50ee9302b","event":"orderupdated"}
2026-09-18T22:31:27+00:00 INFO Central order received successfully. CONTEXT: {"store_id":"site1","source_order_id":401361,"central_order_id":21022,"request_id":"b1278dfb-b6d8-4dfb-a553-3684f665e3a2","event":"orderupdated"}
2026-09-18T22:31:34+00:00 INFO Central order received successfully. CONTEXT: {"store_id":"site1","source_order_id":401361,"central_order_id":21022,"request_id":"553683a1-5b39-497e-95ea-19e74bec1771","event":"orderupdated"}
2026-09-18T22:39:00+00:00 INFO Central bulk source orders received. CONTEXT: {"store_id":"site1","received":2,"succeeded":2,"failed":0,"request_id":"aff60de7-fd01-420a-8c7f-39b47f37197b"}
2026-09-18T23:09:17+00:00 INFO Central order received successfully. CONTEXT: {"store_id":"site1","source_order_id":401361,"central_order_id":21022,"request_id":"d5f96d8e-9f6f-4c53-8165-87f95ee13823","event":"orderupdated"}
2026-09-18T23:13:46+00:00 INFO Central order received successfully. CONTEXT: {"store_id":"site1","source_order_id":401362,"central_order_id":21023,"request_id":"cbe8a849-46e2-4546-bb13-6fc838fd6d6d","event":"orderupdated"}
2026-09-18T23:16:37+00:00 INFO Central order received successfully. CONTEXT: {"store_id":"site1","source_order_id":401362,"central_order_id":21023,"request_id":"31938a7e-24ea-4cd5-81d9-a73b8800db17","event":"orderupdated"}
